Archive member included to satisfy reference by file (symbol)

/usr/local/Cellar/arm-none-eabi-gcc/9-2019-q4-major/gcc/bin/../lib/gcc/arm-none-eabi/9.2.1/../../../../arm-none-eabi/lib/thumb/v7e-m+fp/hard/libc.a(lib_a-atoi.o)
                              ../gcc/bin/app_terminal.o (atoi)
/usr/local/Cellar/arm-none-eabi-gcc/9-2019-q4-major/gcc/bin/../lib/gcc/arm-none-eabi/9.2.1/../../../../arm-none-eabi/lib/thumb/v7e-m+fp/hard/libc.a(lib_a-memcmp.o)
                              ../gcc/bin/attc_disc.o (memcmp)
/usr/local/Cellar/arm-none-eabi-gcc/9-2019-q4-major/gcc/bin/../lib/gcc/arm-none-eabi/9.2.1/../../../../arm-none-eabi/lib/thumb/v7e-m+fp/hard/libc.a(lib_a-memcpy.o)
                              ../gcc/bin/l2c_coc.o (memcpy)
/usr/local/Cellar/arm-none-eabi-gcc/9-2019-q4-major/gcc/bin/../lib/gcc/arm-none-eabi/9.2.1/../../../../arm-none-eabi/lib/thumb/v7e-m+fp/hard/libc.a(lib_a-memmove.o)
                              ../gcc/bin/dm_adv.o (memmove)
/usr/local/Cellar/arm-none-eabi-gcc/9-2019-q4-major/gcc/bin/../lib/gcc/arm-none-eabi/9.2.1/../../../../arm-none-eabi/lib/thumb/v7e-m+fp/hard/libc.a(lib_a-memset.o)
                              ../gcc/bin/wsf_efs.o (memset)
/usr/local/Cellar/arm-none-eabi-gcc/9-2019-q4-major/gcc/bin/../lib/gcc/arm-none-eabi/9.2.1/../../../../arm-none-eabi/lib/thumb/v7e-m+fp/hard/libc.a(lib_a-strcmp.o)
                              ../gcc/bin/terminal.o (strcmp)
/usr/local/Cellar/arm-none-eabi-gcc/9-2019-q4-major/gcc/bin/../lib/gcc/arm-none-eabi/9.2.1/../../../../arm-none-eabi/lib/thumb/v7e-m+fp/hard/libc.a(lib_a-strcpy.o)
                              ../gcc/bin/ui_main.o (strcpy)
/usr/local/Cellar/arm-none-eabi-gcc/9-2019-q4-major/gcc/bin/../lib/gcc/arm-none-eabi/9.2.1/../../../../arm-none-eabi/lib/thumb/v7e-m+fp/hard/libc.a(lib_a-strlen.o)
                              ../gcc/bin/ui_lcd.o (strlen)
/usr/local/Cellar/arm-none-eabi-gcc/9-2019-q4-major/gcc/bin/../lib/gcc/arm-none-eabi/9.2.1/../../../../arm-none-eabi/lib/thumb/v7e-m+fp/hard/libc.a(lib_a-strncpy.o)
                              ../gcc/bin/ui_lcd.o (strncpy)
/usr/local/Cellar/arm-none-eabi-gcc/9-2019-q4-major/gcc/bin/../lib/gcc/arm-none-eabi/9.2.1/../../../../arm-none-eabi/lib/thumb/v7e-m+fp/hard/libc.a(lib_a-strtol.o)
                              /usr/local/Cellar/arm-none-eabi-gcc/9-2019-q4-major/gcc/bin/../lib/gcc/arm-none-eabi/9.2.1/../../../../arm-none-eabi/lib/thumb/v7e-m+fp/hard/libc.a(lib_a-atoi.o) (_strtol_r)
/usr/local/Cellar/arm-none-eabi-gcc/9-2019-q4-major/gcc/bin/../lib/gcc/arm-none-eabi/9.2.1/../../../../arm-none-eabi/lib/thumb/v7e-m+fp/hard/libc.a(lib_a-ctype_.o)
                              /usr/local/Cellar/arm-none-eabi-gcc/9-2019-q4-major/gcc/bin/../lib/gcc/arm-none-eabi/9.2.1/../../../../arm-none-eabi/lib/thumb/v7e-m+fp/hard/libc.a(lib_a-strtol.o) (_ctype_)
/usr/local/Cellar/arm-none-eabi-gcc/9-2019-q4-major/gcc/bin/../lib/gcc/arm-none-eabi/9.2.1/../../../../arm-none-eabi/lib/thumb/v7e-m+fp/hard/libc.a(lib_a-impure.o)
                              /usr/local/Cellar/arm-none-eabi-gcc/9-2019-q4-major/gcc/bin/../lib/gcc/arm-none-eabi/9.2.1/../../../../arm-none-eabi/lib/thumb/v7e-m+fp/hard/libc.a(lib_a-strtol.o) (_impure_ptr)
/usr/local/Cellar/arm-none-eabi-gcc/9-2019-q4-major/gcc/bin/../lib/gcc/arm-none-eabi/9.2.1/thumb/v7e-m+fp/hard/libgcc.a(_arm_truncdfsf2.o)
                              ../gcc/bin/am_util_stdio.o (__aeabi_d2f)
/Users/nams/AmbiqSuite/mcu/apollo3/hal/gcc/bin/libam_hal.a(am_hal_ble.o)
                              ../gcc/bin/hci_drv_apollo3.o (am_hal_ble_initialize)
/Users/nams/AmbiqSuite/mcu/apollo3/hal/gcc/bin/libam_hal.a(am_hal_ble_patch.o)
                              /Users/nams/AmbiqSuite/mcu/apollo3/hal/gcc/bin/libam_hal.a(am_hal_ble.o) (am_hal_ble_num_default_patches)
/Users/nams/AmbiqSuite/mcu/apollo3/hal/gcc/bin/libam_hal.a(am_hal_ble_patch_b0.o)
                              /Users/nams/AmbiqSuite/mcu/apollo3/hal/gcc/bin/libam_hal.a(am_hal_ble.o) (am_hal_ble_num_default_patches_b0)
/Users/nams/AmbiqSuite/mcu/apollo3/hal/gcc/bin/libam_hal.a(am_hal_cachectrl.o)
                              ../gcc/bin/ble_freertos_tag.o (am_hal_cachectrl_config)
/Users/nams/AmbiqSuite/mcu/apollo3/hal/gcc/bin/libam_hal.a(am_hal_clkgen.o)
                              ../gcc/bin/ble_freertos_tag.o (am_hal_clkgen_control)
/Users/nams/AmbiqSuite/mcu/apollo3/hal/gcc/bin/libam_hal.a(am_hal_ctimer.o)
                              ../gcc/bin/rtos.o (am_hal_ctimer_int_service)
/Users/nams/AmbiqSuite/mcu/apollo3/hal/gcc/bin/libam_hal.a(am_hal_debug.o)
                              /Users/nams/AmbiqSuite/mcu/apollo3/hal/gcc/bin/libam_hal.a(am_hal_ctimer.o) (am_hal_debug_error)
/Users/nams/AmbiqSuite/mcu/apollo3/hal/gcc/bin/libam_hal.a(am_hal_flash.o)
                              ../gcc/bin/am_util_delay.o (am_hal_flash_delay)
/Users/nams/AmbiqSuite/mcu/apollo3/hal/gcc/bin/libam_hal.a(am_hal_gpio.o)
                              ../gcc/bin/am_devices_button.o (am_hal_gpio_pinconfig)
[...]
Memory Configuration

Name             Origin             Length             Attributes
ROMEM            0x000000000000c000 0x00000000000f0000 xr
RWMEM            0x0000000010000000 0x0000000000060000 xrw
*default*        0x0000000000000000 0xffffffffffffffff

Linker script and memory map


.text           0x000000000000c000    0x22b60
                0x000000000000c000                . = ALIGN (0x4)
 *(.isr_vector)
 .isr_vector    0x000000000000c000       0xc0 ../gcc/bin/startup_gcc.o
                0x000000000000c000                g_am_pfnVectors
 *(.patch)
 .patch         0x000000000000c0c0       0x40 ../gcc/bin/startup_gcc.o
                0x000000000000c0c0                __Patchable
 *(.text)
 .text          0x000000000000c100      0x134 /usr/local/Cellar/arm-none-eabi-gcc/9-2019-q4-major/gcc/bin/../lib/gcc/arm-none-eabi/9.2.1/../../../../arm-none-eabi/lib/thumb/v7e-m+fp/hard/libc.a(lib_a-memcpy.o)
                0x000000000000c100                memcpy
 .text          0x000000000000c234       0xa0 /usr/local/Cellar/arm-none-eabi-gcc/9-2019-q4-major/gcc/bin/../lib/gcc/arm-none-eabi/9.2.1/thumb/v7e-m+fp/hard/libgcc.a(_arm_truncdfsf2.o)
                0x000000000000c234                __aeabi_d2f
                0x000000000000c234                __truncdfsf2
 *(.text*)
 .text.l2cDefaultDataCback
                0x000000000000c2d4       0x24 ../gcc/bin/l2c_main.o
 .text.l2cDefaultDataCidCback
                0x000000000000c2f8       0x30 ../gcc/bin/l2c_main.o
 .text.l2cDefaultCtrlCback
                0x000000000000c328        0xa ../gcc/bin/l2c_main.o
 *fill*         0x000000000000c332        0x2 
 .text.l2cRxSignalingPkt
                0x000000000000c334       0x9c ../gcc/bin/l2c_main.o
                0x000000000000c334                l2cRxSignalingPkt
 .text.l2cHciAclCback
                0x000000000000c3d0      0x130 ../gcc/bin/l2c_main.o
 .text.l2cHciFlowCback
                0x000000000000c500       0x70 ../gcc/bin/l2c_main.o
 .text.l2cSendCmdReject
                0x000000000000c570       0x8a ../gcc/bin/l2c_main.o
                0x000000000000c570                l2cSendCmdReject
 .text.l2cMsgAlloc
                0x000000000000c5fa       0x20 ../gcc/bin/l2c_main.o
                0x000000000000c5fa                l2cMsgAlloc
 *fill*         0x000000000000c61a        0x2 
 .text.L2cInit  0x000000000000c61c       0x5c ../gcc/bin/l2c_main.o
                0x000000000000c61c                L2cInit
 .text.L2cRegister
                0x000000000000c678       0x38 ../gcc/bin/l2c_main.o
                0x000000000000c678                L2cRegister
 .text.L2cDataReq
                0x000000000000c6b0       0xae ../gcc/bin/l2c_main.o
                0x000000000000c6b0                L2cDataReq
 *fill*         0x000000000000c75e        0x2 
 .text.l2cSlaveReqTimeout
                0x000000000000c760       0x24 ../gcc/bin/l2c_slave.o
 .text.l2cSlaveRxSignalingPkt
                0x000000000000c784      0x148 ../gcc/bin/l2c_slave.o
 .text.L2cSlaveInit
                0x000000000000c8cc       0x44 ../gcc/bin/l2c_slave.o
                0x000000000000c8cc                L2cSlaveInit
 .text.L2cDmConnUpdateReq
                0x000000000000c910      0x138 ../gcc/bin/l2c_slave.o
                0x000000000000c910                L2cDmConnUpdateReq
 .text.L2cSlaveHandlerInit
                0x000000000000ca48       0x28 ../gcc/bin/l2c_slave.o
                0x000000000000ca48                L2cSlaveHandlerInit
 .text.L2cSlaveHandler
                0x000000000000ca70       0x28 ../gcc/bin/l2c_slave.o
                0x000000000000ca70                L2cSlaveHandler
 .text.enable_print_interface
                0x000000000000ca98        0xa ../gcc/bin/ble_freertos_tag.o
                0x000000000000ca98                enable_print_interface
 *fill*         0x000000000000caa2        0x2 
 .text.main     0x000000000000caa4       0x3c ../gcc/bin/ble_freertos_tag.o
                0x000000000000caa4                main
 .text.__NVIC_SetPriority
                0x000000000000cae0       0x50 ../gcc/bin/radio_task.o
 .text.button_handler
                0x000000000000cb30       0x9c ../gcc/bin/radio_task.o
                0x000000000000cb30                button_handler
 .text.setup_buttons
                0x000000000000cbcc       0x2c ../gcc/bin/radio_task.o
                0x000000000000cbcc                setup_buttons
 .text.exactle_stack_init
                0x000000000000cbf8      0x184 ../gcc/bin/radio_task.o
                0x000000000000cbf8                exactle_stack_init
 .text.am_uart_isr
                0x000000000000cd7c       0x24 ../gcc/bin/radio_task.o
                0x000000000000cd7c                am_uart_isr
 .text.am_ble_isr
                0x000000000000cda0       0x12 ../gcc/bin/radio_task.o
                0x000000000000cda0                am_ble_isr
 *fill*         0x000000000000cdb2        0x2 
 .text.RadioTaskSetup
                0x000000000000cdb4       0x20 ../gcc/bin/radio_task.o
                0x000000000000cdb4                RadioTaskSetup
 .text.RadioTask
                0x000000000000cdd4       0x24 ../gcc/bin/radio_task.o
                0x000000000000cdd4                RadioTask
 .text.am_ctimer_isr
                0x000000000000cdf8       0x20 ../gcc/bin/rtos.o
                0x000000000000cdf8                am_ctimer_isr
 .text.am_freertos_sleep
                0x000000000000ce18       0x16 ../gcc/bin/rtos.o
                0x000000000000ce18                am_freertos_sleep
 .text.am_freertos_wakeup
                0x000000000000ce2e        0xa ../gcc/bin/rtos.o
                0x000000000000ce2e                am_freertos_wakeup
 .text.vApplicationMallocFailedHook
                0x000000000000ce38        0x2 ../gcc/bin/rtos.o
                0x000000000000ce38                vApplicationMallocFailedHook
 .text.vApplicationStackOverflowHook
                0x000000000000ce3a        0xa ../gcc/bin/rtos.o
                0x000000000000ce3a                vApplicationStackOverflowHook
 .text.setup_task
                0x000000000000ce44       0x40 ../gcc/bin/rtos.o
                0x000000000000ce44                setup_task
 .text.run_tasks
                0x000000000000ce84       0x34 ../gcc/bin/rtos.o
                0x000000000000ce84                run_tasks
 .text.WsfAssert
                0x000000000000ceb8       0x24 ../gcc/bin/wsf_assert.o
                0x000000000000ceb8                WsfAssert
 .text.WsfBufInit
                0x000000000000cedc      0x16c ../gcc/bin/wsf_buf.o
                0x000000000000cedc                WsfBufInit
 .text.WsfBufAlloc
                0x000000000000d048       0x8c ../gcc/bin/wsf_buf.o
                0x000000000000d048                WsfBufAlloc
 .text.WsfBufFree
                0x000000000000d0d4       0x70 ../gcc/bin/wsf_buf.o
                0x000000000000d0d4                WsfBufFree
 .text.WsfMsgDataAlloc
                0x000000000000d144       0x30 ../gcc/bin/wsf_msg.o
                0x000000000000d144                WsfMsgDataAlloc
 .text.WsfMsgAlloc
                0x000000000000d174       0x30 ../gcc/bin/wsf_msg.o
                0x000000000000d174                WsfMsgAlloc
 .text.WsfMsgFree
                0x000000000000d1a4       0x18 ../gcc/bin/wsf_msg.o
                0x000000000000d1a4                WsfMsgFree
 .text.WsfMsgSend
                0x000000000000d1bc       0x36 ../gcc/bin/wsf_msg.o
                0x000000000000d1bc                WsfMsgSend
 .text.WsfMsgEnq
                0x000000000000d1f2       0x2c ../gcc/bin/wsf_msg.o
                0x000000000000d1f2                WsfMsgEnq
 .text.WsfMsgDeq
                0x000000000000d21e       0x2e ../gcc/bin/wsf_msg.o
                0x000000000000d21e                WsfMsgDeq
 .text.WsfCsEnter
                0x000000000000d24c       0x20 ../gcc/bin/wsf_os.o
                0x000000000000d24c                WsfCsEnter
 .text.WsfCsExit
                0x000000000000d26c       0x20 ../gcc/bin/wsf_os.o
                0x000000000000d26c                WsfCsExit
 .text.WsfTaskLock
                0x000000000000d28c        0xa ../gcc/bin/wsf_os.o
                0x000000000000d28c                WsfTaskLock
 .text.WsfTaskUnlock
                0x000000000000d296        0xa ../gcc/bin/wsf_os.o
                0x000000000000d296                WsfTaskUnlock
 .text.WsfSetOsSpecificEvent
                0x000000000000d2a0       0x94 ../gcc/bin/wsf_os.o
                0x000000000000d2a0                WsfSetOsSpecificEvent
 .text.WsfSetEvent
                0x000000000000d334       0x68 ../gcc/bin/wsf_os.o
                0x000000000000d334                WsfSetEvent
 .text.WsfTaskSetReady
                0x000000000000d39c       0x40 ../gcc/bin/wsf_os.o
                0x000000000000d39c                WsfTaskSetReady
 .text.WsfTaskMsgQueue
                0x000000000000d3dc       0x14 ../gcc/bin/wsf_os.o
                0x000000000000d3dc                WsfTaskMsgQueue
 .text.WsfOsSetNextHandler
                0x000000000000d3f0       0x34 ../gcc/bin/wsf_os.o
                0x000000000000d3f0                WsfOsSetNextHandler
 .text.WsfOsInit
                0x000000000000d424       0x2c ../gcc/bin/wsf_os.o
                0x000000000000d424                WsfOsInit
 .text.wsfOsDispatcher
                0x000000000000d450      0x148 ../gcc/bin/wsf_os.o
                0x000000000000d450                wsfOsDispatcher
 .text.WsfQueueEnq
                0x000000000000d598       0x42 ../gcc/bin/wsf_queue.o
                0x000000000000d598                WsfQueueEnq
 .text.WsfQueueDeq
                0x000000000000d5da       0x3a ../gcc/bin/wsf_queue.o
                0x000000000000d5da                WsfQueueDeq
 .text.WsfQueuePush
                0x000000000000d614       0x34 ../gcc/bin/wsf_queue.o
                0x000000000000d614                WsfQueuePush
 .text.WsfQueueInsert
                0x000000000000d648       0x54 ../gcc/bin/wsf_queue.o
                0x000000000000d648                WsfQueueInsert
 .text.WsfQueueRemove
                0x000000000000d69c       0x4c ../gcc/bin/wsf_queue.o
                0x000000000000d69c                WsfQueueRemove
 .text.WsfQueueCount
                0x000000000000d6e8       0x3e ../gcc/bin/wsf_queue.o
                0x000000000000d6e8                WsfQueueCount
 .text.WsfQueueEmpty
                0x000000000000d726       0x2c ../gcc/bin/wsf_queue.o
                0x000000000000d726                WsfQueueEmpty
 *fill*         0x000000000000d752        0x2 
 .text.wsfTimerRemove
                0x000000000000d754       0x50 ../gcc/bin/wsf_timer.o
 .text.wsfTimerInsert
                0x000000000000d7a4       0x6c ../gcc/bin/wsf_timer.o
 .text.WsfTimer_handler
                0x000000000000d810       0x16 ../gcc/bin/wsf_timer.o
 *fill*         0x000000000000d826        0x2 
 .text.WsfTimerInit
                0x000000000000d828       0x50 ../gcc/bin/wsf_timer.o
                0x000000000000d828                WsfTimerInit
 .text.WsfTimerStartSec
                0x000000000000d878       0x20 ../gcc/bin/wsf_timer.o
                0x000000000000d878                WsfTimerStartSec
 .text.WsfTimerStartMs
                0x000000000000d898       0x28 ../gcc/bin/wsf_timer.o
                0x000000000000d898                WsfTimerStartMs
 .text.WsfTimerStop
                0x000000000000d8c0       0x1c ../gcc/bin/wsf_timer.o
                0x000000000000d8c0                WsfTimerStop
 .text.WsfTimerUpdate
                0x000000000000d8dc       0x58 ../gcc/bin/wsf_timer.o
                0x000000000000d8dc                WsfTimerUpdate
 .text.WsfTimerNextExpiration
                0x000000000000d934       0x40 ../gcc/bin/wsf_timer.o
                0x000000000000d934                WsfTimerNextExpiration
 .text.WsfTimerServiceExpired
                0x000000000000d974       0x50 ../gcc/bin/wsf_timer.o
                0x000000000000d974                WsfTimerServiceExpired
 .text.WsfTimerUpdateTicks
                0x000000000000d9c4       0x84 ../gcc/bin/wsf_timer.o
                0x000000000000d9c4                WsfTimerUpdateTicks
 .text.WsfTrace
                0x000000000000da48       0x4c ../gcc/bin/wsf_trace.o
                0x000000000000da48                WsfTrace
 .text.FmplIasDiscover
                0x000000000000da94       0x34 ../gcc/bin/fmpl_main.o
                0x000000000000da94                FmplIasDiscover
 .text.FmplSendAlert
                0x000000000000dac8       0x3e ../gcc/bin/fmpl_main.o
                0x000000000000dac8                FmplSendAlert
 .text.attcUuidCmp
                0x000000000000db06       0x74 ../gcc/bin/attc_disc.o
 .text.attcDiscVerify
                0x000000000000db7a       0x5a ../gcc/bin/attc_disc.o
 .text.attcDiscDescriptors
                0x000000000000dbd4      0x104 ../gcc/bin/attc_disc.o
 .text.attcDiscProcDescPair
                0x000000000000dcd8       0xc4 ../gcc/bin/attc_disc.o
 .text.attcDiscProcDesc
                0x000000000000dd9c       0xe8 ../gcc/bin/attc_disc.o
 .text.attcDiscProcCharDecl
                0x000000000000de84      0x148 ../gcc/bin/attc_disc.o
 .text.attcDiscProcChar
                0x000000000000dfcc       0xbe ../gcc/bin/attc_disc.o
 .text.attcDiscConfigNext
                0x000000000000e08a       0x9e ../gcc/bin/attc_disc.o
 .text.AttcDiscService
                0x000000000000e128       0x3e ../gcc/bin/attc_disc.o
                0x000000000000e128                AttcDiscService
 *fill*         0x000000000000e166        0x2 
 .text.AttcDiscServiceCmpl
                0x000000000000e168       0xa4 ../gcc/bin/attc_disc.o
                0x000000000000e168                AttcDiscServiceCmpl
 .text.AttcDiscCharStart
                0x000000000000e20c       0x40 ../gcc/bin/attc_disc.o
                0x000000000000e20c                AttcDiscCharStart
 .text.AttcDiscCharCmpl
                0x000000000000e24c       0x80 ../gcc/bin/attc_disc.o
                0x000000000000e24c                AttcDiscCharCmpl
 .text.AttcDiscConfigStart
                0x000000000000e2cc       0x28 ../gcc/bin/attc_disc.o
                0x000000000000e2cc                AttcDiscConfigStart
 .text.AttcDiscConfigCmpl
                0x000000000000e2f4       0x2e ../gcc/bin/attc_disc.o
                0x000000000000e2f4                AttcDiscConfigCmpl
 .text.AttcDiscConfigResume
                0x000000000000e322       0x22 ../gcc/bin/attc_disc.o
                0x000000000000e322                AttcDiscConfigResume
 .text.attcPendWriteCmd
                0x000000000000e344       0x70 ../gcc/bin/attc_main.o
 .text.attcSetPendWriteCmd
                0x000000000000e3b4       0x4e ../gcc/bin/attc_main.o
 .text.attcWriteCmdCallback
                0x000000000000e402       0x74 ../gcc/bin/attc_main.o
 *fill*         0x000000000000e476        0x2 
 .text.attcSendSimpleReq
                0x000000000000e478       0x54 ../gcc/bin/attc_main.o
 .text.attcSendContinuingReq
                0x000000000000e4cc      0x108 ../gcc/bin/attc_main.o
 .text.attcSendMtuReq
                0x000000000000e5d4       0x50 ../gcc/bin/attc_main.o
 .text.attcSendWriteCmd
                0x000000000000e624       0x42 ../gcc/bin/attc_main.o
 *fill*         0x000000000000e666        0x2 
 .text.attcSendPrepWriteReq
                0x000000000000e668      0x124 ../gcc/bin/attc_main.o
 .text.attcSendReq
                0x000000000000e78c       0x24 ../gcc/bin/attc_main.o
                0x000000000000e78c                attcSendReq
 .text.attcSetupReq
                0x000000000000e7b0       0x32 ../gcc/bin/attc_main.o
                0x000000000000e7b0                attcSetupReq
 *fill*         0x000000000000e7e2        0x2 
 .text.attcDataCback
                0x000000000000e7e4       0x80 ../gcc/bin/attc_main.o
 .text.attcCtrlCback
                0x000000000000e864       0x3e ../gcc/bin/attc_main.o
 *fill*         0x000000000000e8a2        0x2 
 .text.attcConnCback
                0x000000000000e8a4      0x124 ../gcc/bin/attc_main.o
 .text.attcMsgCback
                0x000000000000e9c8      0x14c ../gcc/bin/attc_main.o
 .text.attcCcbByConnId
                0x000000000000eb14       0x4c ../gcc/bin/attc_main.o
                0x000000000000eb14                attcCcbByConnId
 .text.attcCcbByHandle
                0x000000000000eb60       0x44 ../gcc/bin/attc_main.o
                0x000000000000eb60                attcCcbByHandle
 .text.attcFreePkt
                0x000000000000eba4       0x26 ../gcc/bin/attc_main.o
                0x000000000000eba4                attcFreePkt
 .text.attcExecCallback
                0x000000000000ebca       0x4a ../gcc/bin/attc_main.o
                0x000000000000ebca                attcExecCallback
 .text.attcReqClear
                0x000000000000ec14       0x38 ../gcc/bin/attc_main.o
                0x000000000000ec14                attcReqClear
 .text.AttcInit
                0x000000000000ec4c       0x7c ../gcc/bin/attc_main.o
                0x000000000000ec4c                AttcInit
 .text.attcProcErrRsp
                0x000000000000ecc8       0x90 ../gcc/bin/attc_proc.o
                0x000000000000ecc8                attcProcErrRsp
 .text.attcProcMtuRsp
                0x000000000000ed58       0x78 ../gcc/bin/attc_proc.o
                0x000000000000ed58                attcProcMtuRsp
 .text.attcProcFindOrReadRsp
                0x000000000000edd0      0x1a8 ../gcc/bin/attc_proc.o
                0x000000000000edd0                attcProcFindOrReadRsp
 .text.attcProcReadRsp
                0x000000000000ef78       0x14 ../gcc/bin/attc_proc.o
                0x000000000000ef78                attcProcReadRsp
 .text.attcProcWriteRsp
                0x000000000000ef8c       0x1a ../gcc/bin/attc_proc.o
                0x000000000000ef8c                attcProcWriteRsp
 *fill*         0x000000000000efa6        0x2 
 .text.attcProcRsp
                0x000000000000efa8      0x10c ../gcc/bin/attc_proc.o
                0x000000000000efa8                attcProcRsp
 .text.attcProcInd
                0x000000000000f0b4       0xe4 ../gcc/bin/attc_proc.o
                0x000000000000f0b4                attcProcInd
 .text.attcSendMsg
                0x000000000000f198      0x130 ../gcc/bin/attc_proc.o
                0x000000000000f198                attcSendMsg
 .text.AttcFindInfoReq
                0x000000000000f2c8       0x74 ../gcc/bin/attc_proc.o
                0x000000000000f2c8                AttcFindInfoReq
 .text.AttcReadReq
                0x000000000000f33c       0x72 ../gcc/bin/attc_proc.o
                0x000000000000f33c                AttcReadReq
 .text.AttcWriteReq
                0x000000000000f3ae       0x94 ../gcc/bin/attc_proc.o
                0x000000000000f3ae                AttcWriteReq
 .text.AttcMtuReq
                0x000000000000f442       0x70 ../gcc/bin/attc_proc.o
                0x000000000000f442                AttcMtuReq
 .text.AttcIndConfirm
                0x000000000000f4b2       0x6c ../gcc/bin/attc_proc.o
                0x000000000000f4b2                AttcIndConfirm
 .text.attcProcFindByTypeRsp
                0x000000000000f51e      0x112 ../gcc/bin/attc_read.o
                0x000000000000f51e                attcProcFindByTypeRsp
 .text.attcProcReadLongRsp
                0x000000000000f630       0x42 ../gcc/bin/attc_read.o
                0x000000000000f630                attcProcReadLongRsp
 .text.AttcFindByTypeValueReq
                0x000000000000f672       0xb6 ../gcc/bin/attc_read.o
                0x000000000000f672                AttcFindByTypeValueReq
 .text.AttcReadByTypeReq
                0x000000000000f728       0x9a ../gcc/bin/attc_read.o
                0x000000000000f728                AttcReadByTypeReq
 .text.attcProcPrepWriteRsp
                0x000000000000f7c2       0x40 ../gcc/bin/attc_write.o
                0x000000000000f7c2                attcProcPrepWriteRsp
 .text.AttcWriteCmd
                0x000000000000f802       0x94 ../gcc/bin/attc_write.o
                0x000000000000f802                AttcWriteCmd
 *fill*         0x000000000000f896        0x2 
 .text.attsCccCback
                0x000000000000f898       0x60 ../gcc/bin/atts_ccc.o
 .text.attsCccAllocTbl
                0x000000000000f8f8       0x50 ../gcc/bin/atts_ccc.o
 .text.attsCccGetTbl
                0x000000000000f948       0x20 ../gcc/bin/atts_ccc.o
 .text.attsCccFreeTbl
                0x000000000000f968       0x48 ../gcc/bin/atts_ccc.o
 .text.attsCccReadValue
                0x000000000000f9b0       0xb0 ../gcc/bin/atts_ccc.o
 .text.attsCccWriteValue
                0x000000000000fa60      0x10c ../gcc/bin/atts_ccc.o
 .text.attsCccMainCback
                0x000000000000fb6c       0x64 ../gcc/bin/atts_ccc.o
 .text.AttsCccRegister
                0x000000000000fbd0       0x38 ../gcc/bin/atts_ccc.o
                0x000000000000fbd0                AttsCccRegister
 .text.AttsCccInitTable
                0x000000000000fc08       0xa0 ../gcc/bin/atts_ccc.o
                0x000000000000fc08                AttsCccInitTable
 .text.AttsCccClearTable
                0x000000000000fca8       0x2c ../gcc/bin/atts_ccc.o
                0x000000000000fca8                AttsCccClearTable
 .text.AttsCccGet
                0x000000000000fcd4       0x3c ../gcc/bin/atts_ccc.o
                0x000000000000fcd4                AttsCccGet
 .text.AttsCccEnabled
                0x000000000000fd10       0x5c ../gcc/bin/atts_ccc.o
                0x000000000000fd10                AttsCccEnabled
 .text.AttsGetCccTableLen
                0x000000000000fd6c        0xc ../gcc/bin/atts_ccc.o
                0x000000000000fd6c                AttsGetCccTableLen
 .text.attsCsfSetHashUpdateStatus
                0x000000000000fd78       0x88 ../gcc/bin/atts_csf.o
                0x000000000000fd78                attsCsfSetHashUpdateStatus
 .text.attsCsfGetHashUpdateStatus
                0x000000000000fe00        0xc ../gcc/bin/atts_csf.o
                0x000000000000fe00                attsCsfGetHashUpdateStatus
 .text.attsCsfIsClientChangeAware
                0x000000000000fe0c       0x50 ../gcc/bin/atts_csf.o
                0x000000000000fe0c                attsCsfIsClientChangeAware
 .text.attsCsfActClientState
                0x000000000000fe5c      0x158 ../gcc/bin/atts_csf.o
                0x000000000000fe5c                attsCsfActClientState
 .text.AttsCsfSetClientsChangeAwarenessState
                0x000000000000ffb4       0x98 ../gcc/bin/atts_csf.o
                0x000000000000ffb4                AttsCsfSetClientsChangeAwarenessState
 .text.AttsCsfConnOpen
                0x000000000001004c       0x60 ../gcc/bin/atts_csf.o
                0x000000000001004c                AttsCsfConnOpen
 .text.AttsCsfRegister
                0x00000000000100ac       0x14 ../gcc/bin/atts_csf.o
                0x00000000000100ac                AttsCsfRegister
 .text.AttsCsfWriteFeatures
                0x00000000000100c0       0x94 ../gcc/bin/atts_csf.o
                0x00000000000100c0                AttsCsfWriteFeatures
 .text.AttsCsfGetFeatures
                0x0000000000010154       0x40 ../gcc/bin/atts_csf.o
                0x0000000000010154                AttsCsfGetFeatures
 .text.AttsCsfGetChangeAwareState
                0x0000000000010194       0x20 ../gcc/bin/atts_csf.o
                0x0000000000010194                AttsCsfGetChangeAwareState
 .text.attsIndCcbByConnId
                0x00000000000101b4       0x4c ../gcc/bin/atts_ind.o
 .text.attsPendIndNtfHandle
                0x0000000000010200       0x8c ../gcc/bin/atts_ind.o
 .text.attsSetPendNtfHandle
                0x000000000001028c       0x4e ../gcc/bin/atts_ind.o
 .text.attsExecCallback
                0x00000000000102da       0x34 ../gcc/bin/atts_ind.o
 .text.attsIndNtfCallback
                0x000000000001030e       0x8e ../gcc/bin/atts_ind.o
 .text.attsSetupMsg
                0x000000000001039c       0x98 ../gcc/bin/atts_ind.o
 .text.attsIndConnCback
                0x0000000000010434       0x7c ../gcc/bin/atts_ind.o
 .text.attsIndMsgCback
                0x00000000000104b0       0xc6 ../gcc/bin/atts_ind.o
 .text.attsIndCtrlCback
                0x0000000000010576       0x32 ../gcc/bin/atts_ind.o
 .text.attsHandleValueIndNtf
                0x00000000000105a8      0x1b8 ../gcc/bin/atts_ind.o
 .text.attsProcValueCnf
                0x0000000000010760       0x62 ../gcc/bin/atts_ind.o
                0x0000000000010760                attsProcValueCnf
 *fill*         0x00000000000107c2        0x2 
 .text.AttsIndInit
                0x00000000000107c4       0x70 ../gcc/bin/atts_ind.o
                0x00000000000107c4                AttsIndInit
 .text.AttsHandleValueInd
                0x0000000000010834       0x3a ../gcc/bin/atts_ind.o
                0x0000000000010834                AttsHandleValueInd
 *fill*         0x000000000001086e        0x2 
 .text.attsDataCback
                0x0000000000010870      0x168 ../gcc/bin/atts_main.o
 .text.attsConnCback
                0x00000000000109d8       0x4c ../gcc/bin/atts_main.o
 .text.attsMsgCback
                0x0000000000010a24       0x60 ../gcc/bin/atts_main.o
 .text.attsL2cCtrlCback
                0x0000000000010a84       0x1c ../gcc/bin/atts_main.o
 .text.attsErrRsp
                0x0000000000010aa0       0x8e ../gcc/bin/atts_main.o
                0x0000000000010aa0                attsErrRsp
 .text.attsClearPrepWrites
                0x0000000000010b2e       0x28 ../gcc/bin/atts_main.o
                0x0000000000010b2e                attsClearPrepWrites
 *fill*         0x0000000000010b56        0x2 
 .text.attsDiscBusy
                0x0000000000010b58       0x5c ../gcc/bin/atts_main.o
                0x0000000000010b58                attsDiscBusy
 .text.attsProcessDatabaseHashUpdate
                0x0000000000010bb4       0xa0 ../gcc/bin/atts_main.o
                0x0000000000010bb4                attsProcessDatabaseHashUpdate
 .text.attsCheckPendDbHashReadRsp
                0x0000000000010c54      0x128 ../gcc/bin/atts_main.o
                0x0000000000010c54                attsCheckPendDbHashReadRsp
 .text.attsIsHashableAttr
                0x0000000000010d7c       0xd0 ../gcc/bin/atts_main.o
                0x0000000000010d7c                attsIsHashableAttr
 .text.AttsInit
                0x0000000000010e4c       0x38 ../gcc/bin/atts_main.o
                0x0000000000010e4c                AttsInit
 .text.AttsHashDatabaseString
                0x0000000000010e84       0x38 ../gcc/bin/atts_main.o
                0x0000000000010e84                AttsHashDatabaseString
 .text.AttsCalculateDbHash
                0x0000000000010ebc      0x1b8 ../gcc/bin/atts_main.o
                0x0000000000010ebc                AttsCalculateDbHash
 .text.AttsAddGroup
                0x0000000000011074       0x58 ../gcc/bin/atts_main.o
                0x0000000000011074                AttsAddGroup
 .text.AttsSetAttr
                0x00000000000110cc       0x84 ../gcc/bin/atts_main.o
                0x00000000000110cc                AttsSetAttr
 .text.AttsGetAttr
                0x0000000000011150       0x50 ../gcc/bin/atts_main.o
                0x0000000000011150                AttsGetAttr
 .text.attsUuidCmp
                0x00000000000111a0       0x8e ../gcc/bin/atts_proc.o
                0x00000000000111a0                attsUuidCmp
 .text.attsUuid16Cmp
                0x000000000001122e       0x4e ../gcc/bin/atts_proc.o
                0x000000000001122e                attsUuid16Cmp
 .text.attsFindByHandle
                0x000000000001127c       0x5c ../gcc/bin/atts_proc.o
                0x000000000001127c                attsFindByHandle
 .text.attsFindInRange
                0x00000000000112d8       0x84 ../gcc/bin/atts_proc.o
                0x00000000000112d8                attsFindInRange
 .text.attsPermissions
                0x000000000001135c       0xe0 ../gcc/bin/atts_proc.o
                0x000000000001135c                attsPermissions
 .text.attsProcMtuReq
                0x000000000001143c       0xcc ../gcc/bin/atts_proc.o
                0x000000000001143c                attsProcMtuReq
 .text.attsProcFindInfoReq
                0x0000000000011508      0x210 ../gcc/bin/atts_proc.o
                0x0000000000011508                attsProcFindInfoReq
 .text.attsProcReadReq
                0x0000000000011718      0x164 ../gcc/bin/atts_proc.o
                0x0000000000011718                attsProcReadReq
 .text.attsFindUuidInRange
                0x000000000001187c       0xec ../gcc/bin/atts_read.o
                0x000000000001187c                attsFindUuidInRange
 .text.attsFindServiceGroupEnd
                0x0000000000011968       0xf8 ../gcc/bin/atts_read.o
                0x0000000000011968                attsFindServiceGroupEnd
 .text.attsProcReadBlobReq
                0x0000000000011a60      0x1ac ../gcc/bin/atts_read.o
                0x0000000000011a60                attsProcReadBlobReq
 .text.attsProcFindTypeReq
                0x0000000000011c0c      0x22c ../gcc/bin/atts_read.o
                0x0000000000011c0c                attsProcFindTypeReq
 .text.attsProcReadTypeReq
                0x0000000000011e38      0x3d0 ../gcc/bin/atts_read.o
                0x0000000000011e38                attsProcReadTypeReq
 .text.attsProcReadMultReq
                0x0000000000012208      0x1d4 ../gcc/bin/atts_read.o
                0x0000000000012208                attsProcReadMultReq
 .text.attsProcReadGroupTypeReq
                0x00000000000123dc      0x328 ../gcc/bin/atts_read.o
                0x00000000000123dc                attsProcReadGroupTypeReq
 .text.attsSignCcbByConnId
                0x0000000000012704       0x20 ../gcc/bin/atts_sign.o
 .text.AttsSetCsrk
                0x0000000000012724       0x3c ../gcc/bin/atts_sign.o
                0x0000000000012724                AttsSetCsrk
 .text.AttsSetSignCounter
                0x0000000000012760       0x24 ../gcc/bin/atts_sign.o
                0x0000000000012760                AttsSetSignCounter
 .text.AttsGetSignCounter
                0x0000000000012784       0x20 ../gcc/bin/atts_sign.o
                0x0000000000012784                AttsGetSignCounter
 .text.attsExecPrepWrite
                0x00000000000127a4       0xf8 ../gcc/bin/atts_write.o
 .text.attsProcWrite
                0x000000000001289c      0x1e4 ../gcc/bin/atts_write.o
                0x000000000001289c                attsProcWrite
 .text.attsProcPrepWriteReq
                0x0000000000012a80      0x238 ../gcc/bin/atts_write.o
                0x0000000000012a80                attsProcPrepWriteReq
 .text.attsProcExecWriteReq
                0x0000000000012cb8      0x12c ../gcc/bin/atts_write.o
                0x0000000000012cb8                attsProcExecWriteReq
 .text.attL2cDataCback
                0x0000000000012de4       0x58 ../gcc/bin/att_main.o
 .text.attL2cCtrlCback
                0x0000000000012e3c       0x70 ../gcc/bin/att_main.o
 .text.attDmConnCback
                0x0000000000012eac       0x9c ../gcc/bin/att_main.o
 .text.attEmptyHandler
                0x0000000000012f48        0xa ../gcc/bin/att_main.o
                0x0000000000012f48                attEmptyHandler
 .text.attEmptyConnCback
                0x0000000000012f52        0xc ../gcc/bin/att_main.o
                0x0000000000012f52                attEmptyConnCback
 .text.attEmptyDataCback
                0x0000000000012f5e       0x16 ../gcc/bin/att_main.o
                0x0000000000012f5e                attEmptyDataCback
 .text.attCcbByHandle
                0x0000000000012f74       0x44 ../gcc/bin/att_main.o
                0x0000000000012f74                attCcbByHandle
 .text.attCcbByConnId
                0x0000000000012fb8       0x24 ../gcc/bin/att_main.o
                0x0000000000012fb8                attCcbByConnId
 .text.attUuidCmp16to128
                0x0000000000012fdc       0x3c ../gcc/bin/att_main.o
                0x0000000000012fdc                attUuidCmp16to128
 .text.attSetMtu
                0x0000000000013018       0x54 ../gcc/bin/att_main.o
                0x0000000000013018                attSetMtu
 .text.attExecCallback
                0x000000000001306c       0x78 ../gcc/bin/att_main.o
                0x000000000001306c                attExecCallback
 .text.attMsgAlloc
                0x00000000000130e4       0x20 ../gcc/bin/att_main.o
                0x00000000000130e4                attMsgAlloc
 .text.AttHandlerInit
                0x0000000000013104       0x50 ../gcc/bin/att_main.o
                0x0000000000013104                AttHandlerInit
 .text.AttHandler
                0x0000000000013154       0x3c ../gcc/bin/att_main.o
                0x0000000000013154                AttHandler
 .text.AttRegister
                0x0000000000013190       0x40 ../gcc/bin/att_main.o
                0x0000000000013190                AttRegister
 .text.AttConnRegister
                0x00000000000131d0       0x14 ../gcc/bin/att_main.o
                0x00000000000131d0                AttConnRegister
 .text.AttMsgFree
                0x00000000000131e4       0x40 ../gcc/bin/att_main.o
                0x00000000000131e4                AttMsgFree
 .text.secEccRng
                0x0000000000013224       0x1e ../gcc/bin/sec_ecc.o
 .text.SecEccGenKey
                0x0000000000013242       0x64 ../gcc/bin/sec_ecc.o
                0x0000000000013242                SecEccGenKey
 .text.SecEccGenSharedSecret
                0x00000000000132a6       0xa0 ../gcc/bin/sec_ecc.o
                0x00000000000132a6                SecEccGenSharedSecret
 *fill*         0x0000000000013346        0x2 
 .text.SecEccInit
                0x0000000000013348       0x10 ../gcc/bin/sec_ecc.o
                0x0000000000013348                SecEccInit
 .text.AppDbInit
                0x0000000000013358        0x4 ../gcc/bin/app_db.o
                0x0000000000013358                AppDbInit
 .text.AppDbNewRecord
                0x000000000001335c       0xc0 ../gcc/bin/app_db.o
                0x000000000001335c                AppDbNewRecord
 .text.AppDbGetNextRecord
                0x000000000001341c       0x68 ../gcc/bin/app_db.o
                0x000000000001341c                AppDbGetNextRecord
 .text.AppDbDeleteRecord
                0x0000000000013484       0x12 ../gcc/bin/app_db.o
                0x0000000000013484                AppDbDeleteRecord
 .text.AppDbValidateRecord
                0x0000000000013496       0x22 ../gcc/bin/app_db.o
                0x0000000000013496                AppDbValidateRecord
 .text.AppDbCheckValidRecord
                0x00000000000134b8       0x1e ../gcc/bin/app_db.o
                0x00000000000134b8                AppDbCheckValidRecord
 *fill*         0x00000000000134d6        0x2 
 .text.AppDbRecordInUse
                0x00000000000134d8       0x54 ../gcc/bin/app_db.o
                0x00000000000134d8                AppDbRecordInUse
 .text.AppDbCheckBonded
                0x000000000001352c       0x4c ../gcc/bin/app_db.o
                0x000000000001352c                AppDbCheckBonded
 .text.AppDbDeleteAllRecords
                0x0000000000013578       0x3c ../gcc/bin/app_db.o
                0x0000000000013578                AppDbDeleteAllRecords
 .text.AppDbFindByAddr
                0x00000000000135b4       0x78 ../gcc/bin/app_db.o
                0x00000000000135b4                AppDbFindByAddr
 .text.AppDbFindByLtkReq
                0x000000000001362c       0x70 ../gcc/bin/app_db.o
                0x000000000001362c                AppDbFindByLtkReq
 .text.AppDbGetKey
                0x000000000001369c       0x98 ../gcc/bin/app_db.o
                0x000000000001369c                AppDbGetKey
 .text.AppDbSetKey
                0x0000000000013734       0xf4 ../gcc/bin/app_db.o
                0x0000000000013734                AppDbSetKey
 .text.AppDbGetPeerDbHash
                0x0000000000013828        0xe ../gcc/bin/app_db.o
                0x0000000000013828                AppDbGetPeerDbHash
 .text.AppDbSetPeerDbHash
                0x0000000000013836       0x1e ../gcc/bin/app_db.o
                0x0000000000013836                AppDbSetPeerDbHash
 .text.AppDbIsCacheCheckedByHash
                0x0000000000013854       0x10 ../gcc/bin/app_db.o
                0x0000000000013854                AppDbIsCacheCheckedByHash
 .text.AppDbSetCacheByHash
                0x0000000000013864       0x1a ../gcc/bin/app_db.o
                0x0000000000013864                AppDbSetCacheByHash
 .text.AppDbGetCccTbl
                0x000000000001387e        0xe ../gcc/bin/app_db.o
                0x000000000001387e                AppDbGetCccTbl
 .text.AppDbSetCccTblValue
                0x000000000001388c       0x28 ../gcc/bin/app_db.o
                0x000000000001388c                AppDbSetCccTblValue
 .text.AppDbGetCsfRecord
                0x00000000000138b4       0x22 ../gcc/bin/app_db.o
                0x00000000000138b4                AppDbGetCsfRecord
 .text.AppDbSetCsfRecord
                0x00000000000138d6       0x32 ../gcc/bin/app_db.o
                0x00000000000138d6                AppDbSetCsfRecord
 .text.AppDbSetClientsChangeAwareState
                0x0000000000013908       0x54 ../gcc/bin/app_db.o
                0x0000000000013908                AppDbSetClientsChangeAwareState
 .text.AppDbGetDbHash
                0x000000000001395c        0xc ../gcc/bin/app_db.o
                0x000000000001395c                AppDbGetDbHash
 .text.AppDbSetDbHash
                0x0000000000013968       0x34 ../gcc/bin/app_db.o
                0x0000000000013968                AppDbSetDbHash
 .text.AppDbGetDiscStatus
                0x000000000001399c       0x10 ../gcc/bin/app_db.o
                0x000000000001399c                AppDbGetDiscStatus
 .text.AppDbSetDiscStatus
                0x00000000000139ac       0x1a ../gcc/bin/app_db.o
                0x00000000000139ac                AppDbSetDiscStatus
 .text.AppDbGetHdlList
                0x00000000000139c6        0xe ../gcc/bin/app_db.o
                0x00000000000139c6                AppDbGetHdlList
 .text.AppDbSetHdlList
                0x00000000000139d4       0x1e ../gcc/bin/app_db.o
                0x00000000000139d4                AppDbSetHdlList
 .text.AppDbGetPeerAddrRes
                0x00000000000139f2       0x10 ../gcc/bin/app_db.o
                0x00000000000139f2                AppDbGetPeerAddrRes
 .text.AppDbSetPeerAddrRes
                0x0000000000013a02       0x1a ../gcc/bin/app_db.o
                0x0000000000013a02                AppDbSetPeerAddrRes
 .text.AppDbGetPeerSignCounter
                0x0000000000013a1c       0x10 ../gcc/bin/app_db.o
                0x0000000000013a1c                AppDbGetPeerSignCounter
 .text.AppDbSetPeerSignCounter
                0x0000000000013a2c       0x14 ../gcc/bin/app_db.o
                0x0000000000013a2c                AppDbSetPeerSignCounter
 .text.AppDbGetPeerAddedToRl
                0x0000000000013a40       0x10 ../gcc/bin/app_db.o
                0x0000000000013a40                AppDbGetPeerAddedToRl
 .text.AppDbSetPeerAddedToRl
                0x0000000000013a50       0x1a ../gcc/bin/app_db.o
                0x0000000000013a50                AppDbSetPeerAddedToRl
 .text.AppDbGetPeerRpao
                0x0000000000013a6a       0x10 ../gcc/bin/app_db.o
                0x0000000000013a6a                AppDbGetPeerRpao
 .text.AppDbSetPeerRpao
                0x0000000000013a7a       0x1a ../gcc/bin/app_db.o
                0x0000000000013a7a                AppDbSetPeerRpao
 .text.AppUiAction
                0x0000000000013a94      0x1d8 ../gcc/bin/app_ui.o
                0x0000000000013a94                AppUiAction
 .text.AppUiDisplayPasskey
                0x0000000000013c6c       0x1c ../gcc/bin/app_ui.o
                0x0000000000013c6c                AppUiDisplayPasskey
 .text.AppUiDisplayConfirmValue
                0x0000000000013c88       0x1c ../gcc/bin/app_ui.o
                0x0000000000013c88                AppUiDisplayConfirmValue
 .text.AppUiDisplayRssi
                0x0000000000013ca4       0x24 ../gcc/bin/app_ui.o
                0x0000000000013ca4                AppUiDisplayRssi
 .text.appUiTimerExpired
                0x0000000000013cc8        0xa ../gcc/bin/app_ui.o
                0x0000000000013cc8                appUiTimerExpired
 *fill*         0x0000000000013cd2        0x2 
 .text.appUiBtnPoll
                0x0000000000013cd4       0x18 ../gcc/bin/app_ui.o
                0x0000000000013cd4                appUiBtnPoll
 .text.AppUiBtnPressed
                0x0000000000013cec        0x4 ../gcc/bin/app_ui.o
                0x0000000000013cec                AppUiBtnPressed
 .text.AppUiBtnRegister
                0x0000000000013cf0       0x14 ../gcc/bin/app_ui.o
                0x0000000000013cf0                AppUiBtnRegister
 .text.AppUiBtnTest
                0x0000000000013d04       0x2c ../gcc/bin/app_ui.o
                0x0000000000013d04                AppUiBtnTest
 .text.__NVIC_EnableIRQ
                0x0000000000013d30       0x34 ../gcc/bin/hci_drv_apollo3.o
 .text.__NVIC_DisableIRQ
                0x0000000000013d64       0x44 ../gcc/bin/hci_drv_apollo3.o
 .text.error_check
                0x0000000000013da8       0x38 ../gcc/bin/hci_drv_apollo3.o
 .text.HciDrvRadioBoot
                0x0000000000013de0      0x1ec ../gcc/bin/hci_drv_apollo3.o
                0x0000000000013de0                HciDrvRadioBoot
 .text.HciDrvRadioShutdown
                0x0000000000013fcc       0x90 ../gcc/bin/hci_drv_apollo3.o
                0x0000000000013fcc                HciDrvRadioShutdown
 .text.hciDrvWrite
                0x000000000001405c      0x120 ../gcc/bin/hci_drv_apollo3.o
                0x000000000001405c                hciDrvWrite
 .text.HciDrvHandlerInit
                0x000000000001417c       0x40 ../gcc/bin/hci_drv_apollo3.o
                0x000000000001417c                HciDrvHandlerInit
 .text.HciDrvIntService
                0x00000000000141bc       0x48 ../gcc/bin/hci_drv_apollo3.o
                0x00000000000141bc                HciDrvIntService
 .text.HciDrvHandler
                0x0000000000014204      0x284 ../gcc/bin/hci_drv_apollo3.o
                0x0000000000014204                HciDrvHandler
 .text.HciDrvEmptyWriteQueue
                0x0000000000014488       0x20 ../gcc/bin/hci_drv_apollo3.o
                0x0000000000014488                HciDrvEmptyWriteQueue
 .text.BdaCpy   0x00000000000144a8       0x1a ../gcc/bin/bda.o
                0x00000000000144a8                BdaCpy
 .text.BdaCmp   0x00000000000144c2       0x26 ../gcc/bin/bda.o
                0x00000000000144c2                BdaCmp
 .text.BdaClr   0x00000000000144e8       0x1c ../gcc/bin/bda.o
                0x00000000000144e8                BdaClr
 .text.BdaIsZeros
                0x0000000000014504       0x30 ../gcc/bin/bda.o
                0x0000000000014504                BdaIsZeros
 .text.Calc128Cpy
                0x0000000000014534       0x1a ../gcc/bin/calc128.o
                0x0000000000014534                Calc128Cpy
 .text.Calc128Cpy64
                0x000000000001454e       0x1a ../gcc/bin/calc128.o
                0x000000000001454e                Calc128Cpy64
 .text.Calc128Xor
                0x0000000000014568       0x3e ../gcc/bin/calc128.o
                0x0000000000014568                Calc128Xor
 .text.WStrReverseCpy
                0x00000000000145a6       0x54 ../gcc/bin/wstr.o
                0x00000000000145a6                WStrReverseCpy
 .text.WStrReverse
                0x00000000000145fa       0x74 ../gcc/bin/wstr.o
                0x00000000000145fa                WStrReverse
 *fill*         0x000000000001466e        0x2 
 .text.dmAdvCbInit
                0x0000000000014670       0x68 ../gcc/bin/dm_adv.o
                0x0000000000014670                dmAdvCbInit
 .text.dmAdvInit
                0x00000000000146d8       0x48 ../gcc/bin/dm_adv.o
                0x00000000000146d8                dmAdvInit
 .text.dmAdvGenConnCmpl
                0x0000000000014720       0x80 ../gcc/bin/dm_adv.o
                0x0000000000014720                dmAdvGenConnCmpl
 .text.DmAdvConfig
                0x00000000000147a0       0x68 ../gcc/bin/dm_adv.o
                0x00000000000147a0                DmAdvConfig
 .text.DmAdvSetData
                0x0000000000014808       0x88 ../gcc/bin/dm_adv.o
                0x0000000000014808                DmAdvSetData
 .text.DmAdvStart
                0x0000000000014890       0xa8 ../gcc/bin/dm_adv.o
                0x0000000000014890                DmAdvStart
 .text.DmAdvStop
                0x0000000000014938       0x74 ../gcc/bin/dm_adv.o
                0x0000000000014938                DmAdvStop
 .text.DmAdvSetInterval
                0x00000000000149ac       0x4c ../gcc/bin/dm_adv.o
                0x00000000000149ac                DmAdvSetInterval
 .text.dmAdvConfig
                0x00000000000149f8       0x68 ../gcc/bin/dm_adv_leg.o
 .text.dmAdvActConfig
                0x0000000000014a60       0x58 ../gcc/bin/dm_adv_leg.o
                0x0000000000014a60                dmAdvActConfig
 .text.dmAdvActSetData
                0x0000000000014ab8       0x54 ../gcc/bin/dm_adv_leg.o
                0x0000000000014ab8                dmAdvActSetData
 .text.dmAdvActStart
                0x0000000000014b0c       0x58 ../gcc/bin/dm_adv_leg.o
                0x0000000000014b0c                dmAdvActStart
 .text.dmAdvActStop
                0x0000000000014b64       0x50 ../gcc/bin/dm_adv_leg.o
                0x0000000000014b64                dmAdvActStop
 .text.dmAdvActRemoveSet
                0x0000000000014bb4        0xa ../gcc/bin/dm_adv_leg.o
                0x0000000000014bb4                dmAdvActRemoveSet
 .text.dmAdvActClearSets
                0x0000000000014bbe        0xa ../gcc/bin/dm_adv_leg.o
                0x0000000000014bbe                dmAdvActClearSets
 .text.dmAdvActSetRandAddr
                0x0000000000014bc8        0xa ../gcc/bin/dm_adv_leg.o
                0x0000000000014bc8                dmAdvActSetRandAddr
 *fill*         0x0000000000014bd2        0x2 
 .text.dmAdvActTimeout
                0x0000000000014bd4       0x30 ../gcc/bin/dm_adv_leg.o
                0x0000000000014bd4                dmAdvActTimeout
 .text.dmAdvReset
                0x0000000000014c04       0x4c ../gcc/bin/dm_adv_leg.o
                0x0000000000014c04                dmAdvReset
 .text.dmAdvHciHandler
                0x0000000000014c50      0x124 ../gcc/bin/dm_adv_leg.o
                0x0000000000014c50                dmAdvHciHandler
 .text.dmAdvMsgHandler
                0x0000000000014d74       0x24 ../gcc/bin/dm_adv_leg.o
                0x0000000000014d74                dmAdvMsgHandler
 .text.dmAdvStartDirected
                0x0000000000014d98       0x74 ../gcc/bin/dm_adv_leg.o
                0x0000000000014d98                dmAdvStartDirected
 .text.dmAdvStopDirected
                0x0000000000014e0c       0x50 ../gcc/bin/dm_adv_leg.o
                0x0000000000014e0c                dmAdvStopDirected
 .text.dmAdvConnected
                0x0000000000014e5c       0x38 ../gcc/bin/dm_adv_leg.o
                0x0000000000014e5c                dmAdvConnected
 .text.dmAdvConnectFailed
                0x0000000000014e94       0x38 ../gcc/bin/dm_adv_leg.o
                0x0000000000014e94                dmAdvConnectFailed
 .text.DmAdvInit
                0x0000000000014ecc       0x30 ../gcc/bin/dm_adv_leg.o
                0x0000000000014ecc                DmAdvInit
 .text.dmConnCmplStates
                0x0000000000014efc       0x70 ../gcc/bin/dm_conn.o
 .text.dmConnCcbAlloc
                0x0000000000014f6c       0x9c ../gcc/bin/dm_conn.o
                0x0000000000014f6c                dmConnCcbAlloc
 .text.dmConnCcbDealloc
                0x0000000000015008       0x24 ../gcc/bin/dm_conn.o
                0x0000000000015008                dmConnCcbDealloc
 .text.dmConnCcbByHandle
                0x000000000001502c       0x64 ../gcc/bin/dm_conn.o
                0x000000000001502c                dmConnCcbByHandle
 .text.dmConnCcbByBdAddr
                0x0000000000015090       0x60 ../gcc/bin/dm_conn.o
                0x0000000000015090                dmConnCcbByBdAddr
 .text.dmConnCcbById
                0x00000000000150f0       0x48 ../gcc/bin/dm_conn.o
                0x00000000000150f0                dmConnCcbById
 .text.dmConnNum
                0x0000000000015138       0x4c ../gcc/bin/dm_conn.o
                0x0000000000015138                dmConnNum
 .text.dmConnExecCback
                0x0000000000015184       0x50 ../gcc/bin/dm_conn.o
                0x0000000000015184                dmConnExecCback
 .text.dmConnOpenAccept
                0x00000000000151d4       0xf8 ../gcc/bin/dm_conn.o
                0x00000000000151d4                dmConnOpenAccept
 .text.dmConnSmActNone
                0x00000000000152cc        0xc ../gcc/bin/dm_conn.o
                0x00000000000152cc                dmConnSmActNone
 .text.dmConnSmActClose
                0x00000000000152d8       0x20 ../gcc/bin/dm_conn.o
                0x00000000000152d8                dmConnSmActClose
 .text.dmConnSmActConnOpened
                0x00000000000152f8       0xf0 ../gcc/bin/dm_conn.o
                0x00000000000152f8                dmConnSmActConnOpened
 .text.dmConnSmActConnFailed
                0x00000000000153e8       0x58 ../gcc/bin/dm_conn.o
                0x00000000000153e8                dmConnSmActConnFailed
 .text.dmConnSmActConnClosed
                0x0000000000015440       0x4c ../gcc/bin/dm_conn.o
                0x0000000000015440                dmConnSmActConnClosed
 .text.dmConnSmActHciUpdated
                0x000000000001548c       0x24 ../gcc/bin/dm_conn.o
                0x000000000001548c                dmConnSmActHciUpdated
 .text.dmConnReset
                0x00000000000154b0       0xd8 ../gcc/bin/dm_conn.o
                0x00000000000154b0                dmConnReset
 .text.dmConnMsgHandler
                0x0000000000015588       0x2a ../gcc/bin/dm_conn.o
                0x0000000000015588                dmConnMsgHandler
 .text.dmConnHciHandler
                0x00000000000155b2       0xa0 ../gcc/bin/dm_conn.o
                0x00000000000155b2                dmConnHciHandler
 *fill*         0x0000000000015652        0x2 
 .text.dmConn2MsgHandler
                0x0000000000015654       0xcc ../gcc/bin/dm_conn.o
                0x0000000000015654                dmConn2MsgHandler
 .text.dmConn2HciHandler
                0x0000000000015720      0x104 ../gcc/bin/dm_conn.o
                0x0000000000015720                dmConn2HciHandler
 .text.dmConn2ActRssiRead
                0x0000000000015824       0x54 ../gcc/bin/dm_conn.o
 .text.dmConn2ActRemoteConnParamReq
                0x0000000000015878       0x60 ../gcc/bin/dm_conn.o
 .text.dmConn2ActDataLenChange
                0x00000000000158d8       0x60 ../gcc/bin/dm_conn.o
 .text.dmConn2ActWriteAuthToCmpl
                0x0000000000015938       0x48 ../gcc/bin/dm_conn.o
 .text.dmConn2ActAuthToExpired
                0x0000000000015980       0x40 ../gcc/bin/dm_conn.o
 .text.dmConn2ActReadRemoteFeaturesCmpl
                0x00000000000159c0       0x80 ../gcc/bin/dm_conn.o
 .text.dmConn2ActReadRemoteVerInfoCmpl
                0x0000000000015a40       0x60 ../gcc/bin/dm_conn.o
 .text.DmConnInit
                0x0000000000015aa0       0x2c ../gcc/bin/dm_conn.o
                0x0000000000015aa0                DmConnInit
 .text.DmConnRegister
                0x0000000000015acc       0x30 ../gcc/bin/dm_conn.o
                0x0000000000015acc                DmConnRegister
 .text.DmConnClose
                0x0000000000015afc       0x64 ../gcc/bin/dm_conn.o
                0x0000000000015afc                DmConnClose
 .text.DmReadRemoteFeatures
                0x0000000000015b60       0xb4 ../gcc/bin/dm_conn.o
                0x0000000000015b60                DmReadRemoteFeatures
 .text.DmConnUpdate
                0x0000000000015c14       0x64 ../gcc/bin/dm_conn.o
                0x0000000000015c14                DmConnUpdate
 .text.DmConnReadRssi
                0x0000000000015c78       0x40 ../gcc/bin/dm_conn.o
                0x0000000000015c78                DmConnReadRssi
 .text.DmRemoteConnParamReqReply
                0x0000000000015cb8       0x50 ../gcc/bin/dm_conn.o
                0x0000000000015cb8                DmRemoteConnParamReqReply
 .text.DmRemoteConnParamReqNegReply
                0x0000000000015d08       0x50 ../gcc/bin/dm_conn.o
                0x0000000000015d08                DmRemoteConnParamReqNegReply
 .text.DmConnIdByHandle
                0x0000000000015d58       0x68 ../gcc/bin/dm_conn.o
                0x0000000000015d58                DmConnIdByHandle
 .text.DmConnInUse
                0x0000000000015dc0       0x28 ../gcc/bin/dm_conn.o
                0x0000000000015dc0                DmConnInUse
 .text.DmConnPeerAddrType
                0x0000000000015de8       0x28 ../gcc/bin/dm_conn.o
                0x0000000000015de8                DmConnPeerAddrType
 .text.DmConnPeerAddr
                0x0000000000015e10       0x24 ../gcc/bin/dm_conn.o
                0x0000000000015e10                DmConnPeerAddr
 .text.DmConnLocalAddrType
                0x0000000000015e34       0x28 ../gcc/bin/dm_conn.o
                0x0000000000015e34                DmConnLocalAddrType
 .text.DmConnLocalAddr
                0x0000000000015e5c       0x28 ../gcc/bin/dm_conn.o
                0x0000000000015e5c                DmConnLocalAddr
 .text.DmConnPeerRpa
                0x0000000000015e84       0x28 ../gcc/bin/dm_conn.o
                0x0000000000015e84                DmConnPeerRpa
 .text.DmConnLocalRpa
                0x0000000000015eac       0x28 ../gcc/bin/dm_conn.o
                0x0000000000015eac                DmConnLocalRpa
 .text.DmConnSecLevel
                0x0000000000015ed4       0x28 ../gcc/bin/dm_conn.o
                0x0000000000015ed4                DmConnSecLevel
 .text.DmConnSetIdle
                0x0000000000015efc       0xe0 ../gcc/bin/dm_conn.o
                0x0000000000015efc                DmConnSetIdle
 .text.DmConnCheckIdle
                0x0000000000015fdc       0x3c ../gcc/bin/dm_conn.o
                0x0000000000015fdc                DmConnCheckIdle
 .text.DmConnRole
                0x0000000000016018       0x28 ../gcc/bin/dm_conn.o
                0x0000000000016018                DmConnRole
 .text.dmConnUpdateCback
                0x0000000000016040       0x4c ../gcc/bin/dm_conn_slave.o
 .text.dmConnSmActUpdateSlave
                0x000000000001608c       0x64 ../gcc/bin/dm_conn_slave.o
                0x000000000001608c                dmConnSmActUpdateSlave
 .text.dmConnSmActL2cUpdateCnf
                0x00000000000160f0       0x34 ../gcc/bin/dm_conn_slave.o
                0x00000000000160f0                dmConnSmActL2cUpdateCnf
 .text.DmL2cConnUpdateCnf
                0x0000000000016124       0x44 ../gcc/bin/dm_conn_slave.o
                0x0000000000016124                DmL2cConnUpdateCnf
 .text.DmL2cCmdRejInd
                0x0000000000016168       0x48 ../gcc/bin/dm_conn_slave.o
                0x0000000000016168                DmL2cCmdRejInd
 .text.DmConnAccept
                0x00000000000161b0       0x5a ../gcc/bin/dm_conn_slave.o
                0x00000000000161b0                DmConnAccept
 .text.dmConnSmActAccept
                0x000000000001620a       0x24 ../gcc/bin/dm_conn_slave_leg.o
                0x000000000001620a                dmConnSmActAccept
 .text.dmConnSmActCancelAccept
                0x000000000001622e       0x1c ../gcc/bin/dm_conn_slave_leg.o
                0x000000000001622e                dmConnSmActCancelAccept
 .text.dmConnSmActConnAccepted
                0x000000000001624a       0x1c ../gcc/bin/dm_conn_slave_leg.o
                0x000000000001624a                dmConnSmActConnAccepted
 .text.dmConnSmActAcceptFailed
                0x0000000000016266       0x1c ../gcc/bin/dm_conn_slave_leg.o
                0x0000000000016266                dmConnSmActAcceptFailed
 *fill*         0x0000000000016282        0x2 
 .text.DmConnSlaveInit
                0x0000000000016284       0x14 ../gcc/bin/dm_conn_slave_leg.o
                0x0000000000016284                DmConnSlaveInit
 .text.dmConnSmExecute
                0x0000000000016298       0xb4 ../gcc/bin/dm_conn_sm.o
                0x0000000000016298                dmConnSmExecute
 .text.dmDevActReset
                0x000000000001634c       0x50 ../gcc/bin/dm_dev.o
                0x000000000001634c                dmDevActReset
 .text.dmDevHciEvtReset
                0x000000000001639c       0x28 ../gcc/bin/dm_dev.o
 .text.dmDevHciEvtVendorSpec
                0x00000000000163c4       0x20 ../gcc/bin/dm_dev.o
 .text.dmDevHciEvtHwError
                0x00000000000163e4       0x20 ../gcc/bin/dm_dev.o
 .text.dmDevHciHandler
                0x0000000000016404       0x3e ../gcc/bin/dm_dev.o
                0x0000000000016404                dmDevHciHandler
 *fill*         0x0000000000016442        0x2 
 .text.dmDevMsgHandler
                0x0000000000016444       0x18 ../gcc/bin/dm_dev.o
                0x0000000000016444                dmDevMsgHandler
 .text.dmDevPassEvtToDevPriv
                0x000000000001645c       0x74 ../gcc/bin/dm_dev.o
                0x000000000001645c                dmDevPassEvtToDevPriv
 .text.dmDevPassEvtToConnCte
                0x00000000000164d0       0x44 ../gcc/bin/dm_dev.o
                0x00000000000164d0                dmDevPassEvtToConnCte
 .text.DmDevReset
                0x0000000000016514       0x30 ../gcc/bin/dm_dev.o
                0x0000000000016514                DmDevReset
 .text.DmDevWhiteListAdd
                0x0000000000016544       0x20 ../gcc/bin/dm_dev.o
                0x0000000000016544                DmDevWhiteListAdd
 .text.DmDevWhiteListClear
                0x0000000000016564        0xa ../gcc/bin/dm_dev.o
                0x0000000000016564                DmDevWhiteListClear
 *fill*         0x000000000001656e        0x2 
 .text.dmDevSetFilterPolicy
                0x0000000000016570       0xd4 ../gcc/bin/dm_dev.o
                0x0000000000016570                dmDevSetFilterPolicy
 .text.DmDevSetFilterPolicy
                0x0000000000016644       0x2c ../gcc/bin/dm_dev.o
                0x0000000000016644                DmDevSetFilterPolicy
 .text.DmDevVsInit
                0x0000000000016670       0x1c ../gcc/bin/dm_dev.o
                0x0000000000016670                DmDevVsInit
 .text.DmDevPrivStart
                0x000000000001668c       0x40 ../gcc/bin/dm_dev_priv.o
                0x000000000001668c                DmDevPrivStart
 .text.dmHciEvtCback
                0x00000000000166cc       0x44 ../gcc/bin/dm_main.o
 .text.dmEmptyReset
                0x0000000000016710        0x4 ../gcc/bin/dm_main.o
                0x0000000000016710                dmEmptyReset
 .text.dmEmptyHandler
                0x0000000000016714        0xa ../gcc/bin/dm_main.o
                0x0000000000016714                dmEmptyHandler
 *fill*         0x000000000001671e        0x2 
 .text.dmDevPassHciEvtToConn
                0x0000000000016720       0x1c ../gcc/bin/dm_main.o
                0x0000000000016720                dmDevPassHciEvtToConn
 .text.DmRegister
                0x000000000001673c       0x50 ../gcc/bin/dm_main.o
                0x000000000001673c                DmRegister
 .text.DmHandlerInit
                0x000000000001678c       0x34 ../gcc/bin/dm_main.o
                0x000000000001678c                DmHandlerInit
 .text.DmHandler
                0x00000000000167c0       0x40 ../gcc/bin/dm_main.o
                0x00000000000167c0                DmHandler
 .text.DmLlPrivEnabled
                0x0000000000016800        0xc ../gcc/bin/dm_main.o
                0x0000000000016800                DmLlPrivEnabled
 .text.DmLlAddrType
                0x000000000001680c       0x44 ../gcc/bin/dm_main.o
                0x000000000001680c                DmLlAddrType
 .text.DmHostAddrType
                0x0000000000016850       0x44 ../gcc/bin/dm_main.o
                0x0000000000016850                DmHostAddrType
 .text.DmSizeOfEvt
                0x0000000000016894       0x3c ../gcc/bin/dm_main.o
                0x0000000000016894                DmSizeOfEvt
 .text.dmPrivActResolveAddr
                0x00000000000168d0       0x88 ../gcc/bin/dm_priv.o
                0x00000000000168d0                dmPrivActResolveAddr
 .text.dmPrivActResAddrAesCmpl
                0x0000000000016958       0x54 ../gcc/bin/dm_priv.o
                0x0000000000016958                dmPrivActResAddrAesCmpl
 .text.dmPrivActAddDevToResList
                0x00000000000169ac       0x40 ../gcc/bin/dm_priv.o
                0x00000000000169ac                dmPrivActAddDevToResList
 .text.dmPrivActRemDevFromResList
                0x00000000000169ec       0x30 ../gcc/bin/dm_priv.o
                0x00000000000169ec                dmPrivActRemDevFromResList
 .text.dmPrivActClearResList
                0x0000000000016a1c       0x12 ../gcc/bin/dm_priv.o
                0x0000000000016a1c                dmPrivActClearResList
 .text.dmPrivActSetAddrResEnable
                0x0000000000016a2e       0x1c ../gcc/bin/dm_priv.o
                0x0000000000016a2e                dmPrivActSetAddrResEnable
 .text.dmPrivActSetPrivacyMode
                0x0000000000016a4a       0x24 ../gcc/bin/dm_priv.o
                0x0000000000016a4a                dmPrivActSetPrivacyMode
 *fill*         0x0000000000016a6e        0x2 
 .text.dmPrivActGenAddr
                0x0000000000016a70       0x90 ../gcc/bin/dm_priv.o
                0x0000000000016a70                dmPrivActGenAddr
 .text.dmPrivActGenAddrAesCmpl
                0x0000000000016b00       0x60 ../gcc/bin/dm_priv.o
                0x0000000000016b00                dmPrivActGenAddrAesCmpl
 .text.dmPrivHciHandler
                0x0000000000016b60      0x100 ../gcc/bin/dm_priv.o
                0x0000000000016b60                dmPrivHciHandler
 .text.dmPrivSetAddrResEnable
                0x0000000000016c60       0x28 ../gcc/bin/dm_priv.o
 .text.dmPrivMsgHandler
                0x0000000000016c88       0x24 ../gcc/bin/dm_priv.o
                0x0000000000016c88                dmPrivMsgHandler
 .text.dmPrivReset
                0x0000000000016cac       0x18 ../gcc/bin/dm_priv.o
                0x0000000000016cac                dmPrivReset
 .text.DmPrivInit
                0x0000000000016cc4       0x14 ../gcc/bin/dm_priv.o
                0x0000000000016cc4                DmPrivInit
 .text.DmPrivResolveAddr
                0x0000000000016cd8       0x5c ../gcc/bin/dm_priv.o
                0x0000000000016cd8                DmPrivResolveAddr
 .text.DmPrivAddDevToResList
                0x0000000000016d34       0x7c ../gcc/bin/dm_priv.o
                0x0000000000016d34                DmPrivAddDevToResList
 .text.DmPrivClearResList
                0x0000000000016db0       0x30 ../gcc/bin/dm_priv.o
                0x0000000000016db0                DmPrivClearResList
 .text.DmPrivSetAddrResEnable
                0x0000000000016de0       0x44 ../gcc/bin/dm_priv.o
                0x0000000000016de0                DmPrivSetAddrResEnable
 .text.DmPrivSetPrivacyMode
                0x0000000000016e24       0x5c ../gcc/bin/dm_priv.o
                0x0000000000016e24                DmPrivSetPrivacyMode
 .text.dmSecHciHandler
                0x0000000000016e80      0x124 ../gcc/bin/dm_sec.o
                0x0000000000016e80                dmSecHciHandler
 .text.dmSecMsgHandler
                0x0000000000016fa4       0xa2 ../gcc/bin/dm_sec.o
                0x0000000000016fa4                dmSecMsgHandler
 *fill*         0x0000000000017046        0x2 
 .text.DmSmpCbackExec
                0x0000000000017048       0x44 ../gcc/bin/dm_sec.o
                0x0000000000017048                DmSmpCbackExec
 .text.DmSecCancelReq
                0x000000000001708c       0x46 ../gcc/bin/dm_sec.o
                0x000000000001708c                DmSecCancelReq
 .text.DmSecAuthRsp
                0x00000000000170d2       0x5c ../gcc/bin/dm_sec.o
                0x00000000000170d2                DmSecAuthRsp
 *fill*         0x000000000001712e        0x2 
 .text.DmSecInit
                0x0000000000017130       0x28 ../gcc/bin/dm_sec.o
                0x0000000000017130                DmSecInit
 .text.DmSecSetLocalIrk
                0x0000000000017158       0x20 ../gcc/bin/dm_sec.o
                0x0000000000017158                DmSecSetLocalIrk
 .text.DmSecGetLocalCsrk
                0x0000000000017178        0xc ../gcc/bin/dm_sec.o
                0x0000000000017178                DmSecGetLocalCsrk
 .text.DmSecGetLocalIrk
                0x0000000000017184        0xc ../gcc/bin/dm_sec.o
                0x0000000000017184                DmSecGetLocalIrk
 .text.dmSecReset
                0x0000000000017190        0xa ../gcc/bin/dm_sec.o
                0x0000000000017190                dmSecReset
 *fill*         0x000000000001719a        0x2 
 .text.dmSecLescMsgHandler
                0x000000000001719c       0x84 ../gcc/bin/dm_sec_lesc.o
                0x000000000001719c                dmSecLescMsgHandler
 .text.DmSecGenerateEccKeyReq
                0x0000000000017220       0x18 ../gcc/bin/dm_sec_lesc.o
                0x0000000000017220                DmSecGenerateEccKeyReq
 .text.DmSecSetEccKey
                0x0000000000017238       0x24 ../gcc/bin/dm_sec_lesc.o
                0x0000000000017238                DmSecSetEccKey
 .text.DmSecGetEccKey
                0x000000000001725c        0xc ../gcc/bin/dm_sec_lesc.o
                0x000000000001725c                DmSecGetEccKey
 .text.DmSecCompareRsp
                0x0000000000017268       0x56 ../gcc/bin/dm_sec_lesc.o
                0x0000000000017268                DmSecCompareRsp
 *fill*         0x00000000000172be        0x2 
 .text.DmSecGetCompareValue
                0x00000000000172c0       0x4c ../gcc/bin/dm_sec_lesc.o
                0x00000000000172c0                DmSecGetCompareValue
 .text.DmSecLescInit
                0x000000000001730c       0x14 ../gcc/bin/dm_sec_lesc.o
                0x000000000001730c                DmSecLescInit
 .text.DmSecPairRsp
                0x0000000000017320       0x7a ../gcc/bin/dm_sec_slave.o
                0x0000000000017320                DmSecPairRsp
 .text.DmSecSlaveReq
                0x000000000001739a       0x46 ../gcc/bin/dm_sec_slave.o
                0x000000000001739a                DmSecSlaveReq
 .text.DmSecLtkRsp
                0x00000000000173e0       0x74 ../gcc/bin/dm_sec_slave.o
                0x00000000000173e0                DmSecLtkRsp
 .text.GattDiscover
                0x0000000000017454       0x34 ../gcc/bin/gatt_main.o
                0x0000000000017454                GattDiscover
 .text.GattValueUpdate
                0x0000000000017488       0x34 ../gcc/bin/gatt_main.o
                0x0000000000017488                GattValueUpdate
 .text.GattSetSvcChangedIdx
                0x00000000000174bc       0x20 ../gcc/bin/gatt_main.o
                0x00000000000174bc                GattSetSvcChangedIdx
 .text.GattSendServiceChangedInd
                0x00000000000174dc       0xdc ../gcc/bin/gatt_main.o
                0x00000000000174dc                GattSendServiceChangedInd
 .text.GattReadCback
                0x00000000000175b8       0x50 ../gcc/bin/gatt_main.o
                0x00000000000175b8                GattReadCback
 .text.GattWriteCback
                0x0000000000017608       0x58 ../gcc/bin/gatt_main.o
                0x0000000000017608                GattWriteCback
 .text.GapDiscover
                0x0000000000017660       0x34 ../gcc/bin/gap_main.o
                0x0000000000017660                GapDiscover
 .text.GapValueUpdate
                0x0000000000017694       0x80 ../gcc/bin/gap_main.o
                0x0000000000017694                GapValueUpdate
 .text.default_RNG
                0x0000000000017714        0xe ../gcc/bin/uECC.o
 *fill*         0x0000000000017722        0x2 
 .text.uECC_set_rng
                0x0000000000017724       0x14 ../gcc/bin/uECC.o
                0x0000000000017724                uECC_set_rng
 .text.vli_add  0x0000000000017738       0x6e ../gcc/bin/uECC.o
 .text.vli_sub  0x00000000000177a6       0x78 ../gcc/bin/uECC.o
 .text.vli_mult
                0x000000000001781e      0x5c8 ../gcc/bin/uECC.o
 .text.vli_square
                0x0000000000017de6      0x380 ../gcc/bin/uECC.o
 .text.vli_clear
                0x0000000000018166       0x2a ../gcc/bin/uECC.o
 .text.vli_isZero
                0x0000000000018190       0x30 ../gcc/bin/uECC.o
 .text.vli_testBit
                0x00000000000181c0       0x26 ../gcc/bin/uECC.o
 .text.vli_set  0x00000000000181e6       0x34 ../gcc/bin/uECC.o
 .text.vli_cmp  0x000000000001821a       0x5a ../gcc/bin/uECC.o
 .text.vli_rshift1
                0x0000000000018274       0x40 ../gcc/bin/uECC.o
 .text.vli_modAdd
                0x00000000000182b4       0x3e ../gcc/bin/uECC.o
 .text.vli_modSub
                0x00000000000182f2       0x30 ../gcc/bin/uECC.o
 *fill*         0x0000000000018322        0x2 
 .text.vli_mmod_fast
                0x0000000000018324      0x278 ../gcc/bin/uECC.o
 .text.vli_modMult_fast
                0x000000000001859c       0x28 ../gcc/bin/uECC.o
 .text.vli_modSquare_fast
                0x00000000000185c4       0x24 ../gcc/bin/uECC.o
 .text.vli_modInv
                0x00000000000185e8      0x1d8 ../gcc/bin/uECC.o
 .text.EccPoint_isZero
                0x00000000000187c0       0x32 ../gcc/bin/uECC.o
 *fill*         0x00000000000187f2        0x2 
 .text.EccPoint_double_jacobian
                0x00000000000187f4      0x138 ../gcc/bin/uECC.o
 .text.apply_z  0x000000000001892c       0x40 ../gcc/bin/uECC.o
 .text.XYcZ_initial_double
                0x000000000001896c       0x66 ../gcc/bin/uECC.o
 *fill*         0x00000000000189d2        0x2 
 .text.XYcZ_add
                0x00000000000189d4       0xb8 ../gcc/bin/uECC.o
 .text.XYcZ_addC
                0x0000000000018a8c      0x104 ../gcc/bin/uECC.o
 .text.EccPoint_mult
                0x0000000000018b90      0x1d4 ../gcc/bin/uECC.o
 .text.EccPoint_compute_public_key
                0x0000000000018d64       0x94 ../gcc/bin/uECC.o
 .text.vli_nativeToBytes
                0x0000000000018df8       0x7a ../gcc/bin/uECC.o
 .text.vli_bytesToNative
                0x0000000000018e72       0x5c ../gcc/bin/uECC.o
 *fill*         0x0000000000018ece        0x2 
 .text.uECC_make_key
                0x0000000000018ed0       0x78 ../gcc/bin/uECC.o
                0x0000000000018ed0                uECC_make_key
 .text.uECC_shared_secret
                0x0000000000018f48       0xec ../gcc/bin/uECC.o
                0x0000000000018f48                uECC_shared_secret
 .text.curve_x_side
                0x0000000000019034       0x54 ../gcc/bin/uECC.o
 .text.uECC_valid_public_key
                0x0000000000019088       0x9c ../gcc/bin/uECC.o
                0x0000000000019088                uECC_valid_public_key
 .text.__NVIC_EnableIRQ
                0x0000000000019124       0x34 ../gcc/bin/port.o
 .text.__NVIC_SetPriority
                0x0000000000019158       0x50 ../gcc/bin/port.o
 .text.pxPortInitialiseStack
                0x00000000000191a8       0x60 ../gcc/bin/port.o
                0x00000000000191a8                pxPortInitialiseStack
 .text.prvTaskExitError
                0x0000000000019208       0x3c ../gcc/bin/port.o
 *fill*         0x0000000000019244        0xc 
 .text.SVC_Handler
                0x0000000000019250       0x28 ../gcc/bin/port.o
                0x0000000000019250                SVC_Handler
 .text.prvPortStartFirstTask
                0x0000000000019278       0x28 ../gcc/bin/port.o
 .text.xPortStartScheduler
                0x00000000000192a0      0x110 ../gcc/bin/port.o
                0x00000000000192a0                xPortStartScheduler
 .text.vPortEnterCritical
                0x00000000000193b0       0x44 ../gcc/bin/port.o
                0x00000000000193b0                vPortEnterCritical
 .text.vPortExitCritical
                0x00000000000193f4       0x34 ../gcc/bin/port.o
                0x00000000000193f4                vPortExitCritical
 *fill*         0x0000000000019428        0x8 
 .text.PendSV_Handler
                0x0000000000019430       0x68 ../gcc/bin/port.o
                0x0000000000019430                PendSV_Handler
 .text.SysTick_Handler
                0x0000000000019498       0x44 ../gcc/bin/port.o
                0x0000000000019498                SysTick_Handler
 .text.vPortEnableVFP
                0x00000000000194dc       0x14 ../gcc/bin/port.o
 .text.vPortValidateInterruptPriority
                0x00000000000194f0       0x50 ../gcc/bin/port.o
                0x00000000000194f0                vPortValidateInterruptPriority
 .text.vPortSuppressTicksAndSleep
                0x0000000000019540      0x10c ../gcc/bin/port.o
                0x0000000000019540                vPortSuppressTicksAndSleep
 .text.xPortStimerTickHandler
                0x000000000001964c       0xcc ../gcc/bin/port.o
                0x000000000001964c                xPortStimerTickHandler
 .text.am_stimer_cmpr0_isr
                0x0000000000019718       0x2a ../gcc/bin/port.o
                0x0000000000019718                am_stimer_cmpr0_isr
 *fill*         0x0000000000019742        0x2 
 .text.am_stimer_cmpr1_isr
                0x0000000000019744       0x38 ../gcc/bin/port.o
                0x0000000000019744                am_stimer_cmpr1_isr
 .text.vPortSetupTimerInterrupt
                0x000000000001977c       0x98 ../gcc/bin/port.o
                0x000000000001977c                vPortSetupTimerInterrupt
 .text.getNextToken
                0x0000000000019814       0x40 ../gcc/bin/sec_aes.o
 .text.SecAes   0x0000000000019854       0x74 ../gcc/bin/sec_aes.o
                0x0000000000019854                SecAes
 .text.SecAesHciCback
                0x00000000000198c8       0x40 ../gcc/bin/sec_aes.o
                0x00000000000198c8                SecAesHciCback
 .text.SecAesInit
                0x0000000000019908       0x14 ../gcc/bin/sec_aes.o
                0x0000000000019908                SecAesInit
 .text.secCmacProcessBlock
                0x000000000001991c       0xce ../gcc/bin/sec_cmac_hci.o
 .text.secCmacGenSubkey1
                0x00000000000199ea       0x32 ../gcc/bin/sec_cmac_hci.o
 .text.secCmacKeyShift
                0x0000000000019a1c       0x9c ../gcc/bin/sec_cmac_hci.o
 .text.secCmacGenSubkey2
                0x0000000000019ab8       0x9e ../gcc/bin/sec_cmac_hci.o
 .text.secCmacComplete
                0x0000000000019b56       0x38 ../gcc/bin/sec_cmac_hci.o
 .text.SecCmacHciCback
                0x0000000000019b8e       0x66 ../gcc/bin/sec_cmac_hci.o
                0x0000000000019b8e                SecCmacHciCback
 .text.SecCmac  0x0000000000019bf4       0xb4 ../gcc/bin/sec_cmac_hci.o
                0x0000000000019bf4                SecCmac
 .text.SecCmacInit
                0x0000000000019ca8       0x14 ../gcc/bin/sec_cmac_hci.o
                0x0000000000019ca8                SecCmacInit
 .text.secHciCback
                0x0000000000019cbc      0x120 ../gcc/bin/sec_main.o
 .text.SecInit  0x0000000000019ddc       0x40 ../gcc/bin/sec_main.o
                0x0000000000019ddc                SecInit
 .text.SecRand  0x0000000000019e1c       0xa8 ../gcc/bin/sec_main.o
                0x0000000000019e1c                SecRand
 .text.SecLeEncryptCmd
                0x0000000000019ec4       0x4c ../gcc/bin/sec_main.o
                0x0000000000019ec4                SecLeEncryptCmd
 .text.smprActSendSecurityReq
                0x0000000000019f10       0x48 ../gcc/bin/smpr_act.o
                0x0000000000019f10                smprActSendSecurityReq
 .text.smprActProcPairReq
                0x0000000000019f58       0xcc ../gcc/bin/smpr_act.o
                0x0000000000019f58                smprActProcPairReq
 .text.smprActSendPairRsp
                0x000000000001a024       0xf4 ../gcc/bin/smpr_act.o
                0x000000000001a024                smprActSendPairRsp
 .text.smprActProcPairCnf
                0x000000000001a118       0x30 ../gcc/bin/smpr_act.o
                0x000000000001a118                smprActProcPairCnf
 .text.smprActProcPairCnfCalc1
                0x000000000001a148       0x3a ../gcc/bin/smpr_act.o
                0x000000000001a148                smprActProcPairCnfCalc1
 *fill*         0x000000000001a182        0x2 
 .text.smprActCnfVerify
                0x000000000001a184       0x90 ../gcc/bin/smpr_act.o
                0x000000000001a184                smprActCnfVerify
 .text.smprActSendPairRandom
                0x000000000001a214       0x96 ../gcc/bin/smpr_act.o
                0x000000000001a214                smprActSendPairRandom
 .text.smprActSetupKeyDist
                0x000000000001a2aa       0x6a ../gcc/bin/smpr_act.o
                0x000000000001a2aa                smprActSetupKeyDist
 .text.smprActSendKey
                0x000000000001a314       0xe0 ../gcc/bin/smpr_act.o
                0x000000000001a314                smprActSendKey
 .text.smprActRcvKey
                0x000000000001a3f4       0x4a ../gcc/bin/smpr_act.o
                0x000000000001a3f4                smprActRcvKey
 *fill*         0x000000000001a43e        0x2 
 .text.smprScActStoreLescPin
                0x000000000001a440       0x7c ../gcc/bin/smpr_sc_act.o
                0x000000000001a440                smprScActStoreLescPin
 .text.smprScActSendPubKey
                0x000000000001a4bc       0x20 ../gcc/bin/smpr_sc_act.o
                0x000000000001a4bc                smprScActSendPubKey
 .text.smprScActJwncSetup
                0x000000000001a4dc       0x6c ../gcc/bin/smpr_sc_act.o
                0x000000000001a4dc                smprScActJwncSetup
 .text.smprScActJwncSendCnf
                0x000000000001a548       0x30 ../gcc/bin/smpr_sc_act.o
                0x000000000001a548                smprScActJwncSendCnf
 .text.smprScActJwncCalcG2
                0x000000000001a578       0x30 ../gcc/bin/smpr_sc_act.o
                0x000000000001a578                smprScActJwncCalcG2
 .text.smprScActJwncDisplay
                0x000000000001a5a8       0x32 ../gcc/bin/smpr_sc_act.o
                0x000000000001a5a8                smprScActJwncDisplay
 .text.smprScActPkStoreCnf
                0x000000000001a5da       0x2a ../gcc/bin/smpr_sc_act.o
                0x000000000001a5da                smprScActPkStoreCnf
 .text.smprScActPkStoreCnfAndCalcCb
                0x000000000001a604       0x20 ../gcc/bin/smpr_sc_act.o
                0x000000000001a604                smprScActPkStoreCnfAndCalcCb
 .text.smprScActPkStorePinAndCalcCb
                0x000000000001a624       0x20 ../gcc/bin/smpr_sc_act.o
                0x000000000001a624                smprScActPkStorePinAndCalcCb
 .text.smprScActPkCalcCb
                0x000000000001a644       0x70 ../gcc/bin/smpr_sc_act.o
                0x000000000001a644                smprScActPkCalcCb
 .text.smprScActPkSendCnf
                0x000000000001a6b4       0x30 ../gcc/bin/smpr_sc_act.o
                0x000000000001a6b4                smprScActPkSendCnf
 .text.smprScActPkCalcCa
                0x000000000001a6e4       0x56 ../gcc/bin/smpr_sc_act.o
                0x000000000001a6e4                smprScActPkCalcCa
 *fill*         0x000000000001a73a        0x2 
 .text.smprScActPkSendRand
                0x000000000001a73c       0xac ../gcc/bin/smpr_sc_act.o
                0x000000000001a73c                smprScActPkSendRand
 .text.smprScActOobSetup
                0x000000000001a7e8       0x14 ../gcc/bin/smpr_sc_act.o
                0x000000000001a7e8                smprScActOobSetup
 .text.smprScActOobCalcCa
                0x000000000001a7fc       0xac ../gcc/bin/smpr_sc_act.o
                0x000000000001a7fc                smprScActOobCalcCa
 .text.smprScActOobSendRand
                0x000000000001a8a8       0x90 ../gcc/bin/smpr_sc_act.o
                0x000000000001a8a8                smprScActOobSendRand
 .text.smprScActStoreDhCheck
                0x000000000001a938       0x32 ../gcc/bin/smpr_sc_act.o
                0x000000000001a938                smprScActStoreDhCheck
 .text.smprScActWaitDhCheck
                0x000000000001a96a       0x34 ../gcc/bin/smpr_sc_act.o
                0x000000000001a96a                smprScActWaitDhCheck
 .text.smprScActCalcDHKey
                0x000000000001a99e       0x3c ../gcc/bin/smpr_sc_act.o
                0x000000000001a99e                smprScActCalcDHKey
 *fill*         0x000000000001a9da        0x2 
 .text.smprScActDHKeyCheckSend
                0x000000000001a9dc       0xfc ../gcc/bin/smpr_sc_act.o
                0x000000000001a9dc                smprScActDHKeyCheckSend
 .text.SmprScInit
                0x000000000001aad8       0x1c ../gcc/bin/smpr_sc_sm.o
                0x000000000001aad8                SmprScInit
 .text.SmprInit
                0x000000000001aaf4       0x2c ../gcc/bin/smpr_sm.o
                0x000000000001aaf4                SmprInit
 .text.smpStartRspTimer
                0x000000000001ab20       0x24 ../gcc/bin/smp_act.o
                0x000000000001ab20                smpStartRspTimer
 .text.smpActNone
                0x000000000001ab44        0xc ../gcc/bin/smp_act.o
                0x000000000001ab44                smpActNone
 .text.smpCleanup
                0x000000000001ab50       0x5e ../gcc/bin/smp_act.o
                0x000000000001ab50                smpCleanup
 .text.smpActCleanup
                0x000000000001abae       0x16 ../gcc/bin/smp_act.o
                0x000000000001abae                smpActCleanup
 .text.smpSendPairingFailed
                0x000000000001abc4       0x46 ../gcc/bin/smp_act.o
                0x000000000001abc4                smpSendPairingFailed
 .text.smpActPairingFailed
                0x000000000001ac0a       0x32 ../gcc/bin/smp_act.o
                0x000000000001ac0a                smpActPairingFailed
 .text.smpActPairingCancel
                0x000000000001ac3c       0x24 ../gcc/bin/smp_act.o
                0x000000000001ac3c                smpActPairingCancel
 .text.smpActStorePin
                0x000000000001ac60       0x3c ../gcc/bin/smp_act.o
                0x000000000001ac60                smpActStorePin
 .text.smpProcPairing
                0x000000000001ac9c      0x208 ../gcc/bin/smp_act.o
                0x000000000001ac9c                smpProcPairing
 .text.smpAuthReq
                0x000000000001aea4       0x88 ../gcc/bin/smp_act.o
                0x000000000001aea4                smpAuthReq
 .text.smpActPairCnfCalc1
                0x000000000001af2c       0x3a ../gcc/bin/smp_act.o
                0x000000000001af2c                smpActPairCnfCalc1
 .text.smpActPairCnfCalc2
                0x000000000001af66       0x22 ../gcc/bin/smp_act.o
                0x000000000001af66                smpActPairCnfCalc2
 .text.smpActSendPairCnf
                0x000000000001af88       0x60 ../gcc/bin/smp_act.o
                0x000000000001af88                smpActSendPairCnf
 .text.smpActPairCnfVerCalc1
                0x000000000001afe8       0x36 ../gcc/bin/smp_act.o
                0x000000000001afe8                smpActPairCnfVerCalc1
 .text.smpActPairCnfVerCalc2
                0x000000000001b01e       0x22 ../gcc/bin/smp_act.o
                0x000000000001b01e                smpActPairCnfVerCalc2
 .text.smpSendKey
                0x000000000001b040      0x2ac ../gcc/bin/smp_act.o
                0x000000000001b040                smpSendKey
 .text.smpProcRcvKey
                0x000000000001b2ec      0x19e ../gcc/bin/smp_act.o
                0x000000000001b2ec                smpProcRcvKey
 .text.smpActMaxAttempts
                0x000000000001b48a       0x40 ../gcc/bin/smp_act.o
                0x000000000001b48a                smpActMaxAttempts
 .text.smpActAttemptRcvd
                0x000000000001b4ca       0x14 ../gcc/bin/smp_act.o
                0x000000000001b4ca                smpActAttemptRcvd
 .text.smpActNotifyDmAttemptsFailure
                0x000000000001b4de       0x22 ../gcc/bin/smp_act.o
                0x000000000001b4de                smpActNotifyDmAttemptsFailure
 .text.smpActNotifyDmRspToFailure
                0x000000000001b500       0x22 ../gcc/bin/smp_act.o
                0x000000000001b500                smpActNotifyDmRspToFailure
 .text.smpActCheckAttempts
                0x000000000001b522       0x38 ../gcc/bin/smp_act.o
                0x000000000001b522                smpActCheckAttempts
 .text.smpActPairingCmpl
                0x000000000001b55a       0x4a ../gcc/bin/smp_act.o
                0x000000000001b55a                smpActPairingCmpl
 .text.smpSmExecute
                0x000000000001b5a4       0xb0 ../gcc/bin/smp_act.o
                0x000000000001b5a4                smpSmExecute
 .text.smpDbStartServiceTimer
                0x000000000001b654       0x24 ../gcc/bin/smp_db.o
 .text.smpDbRecordInUse
                0x000000000001b678       0x30 ../gcc/bin/smp_db.o
 .text.smpDbAddDevice
                0x000000000001b6a8       0x74 ../gcc/bin/smp_db.o
 .text.smpDbGetRecord
                0x000000000001b71c       0xc8 ../gcc/bin/smp_db.o
 .text.SmpDbInit
                0x000000000001b7e4       0x40 ../gcc/bin/smp_db.o
                0x000000000001b7e4                SmpDbInit
 .text.SmpDbGetPairingDisabledTime
                0x000000000001b824       0x38 ../gcc/bin/smp_db.o
                0x000000000001b824                SmpDbGetPairingDisabledTime
 .text.SmpDbSetFailureCount
                0x000000000001b85c       0x58 ../gcc/bin/smp_db.o
                0x000000000001b85c                SmpDbSetFailureCount
 .text.SmpDbGetFailureCount
                0x000000000001b8b4       0x38 ../gcc/bin/smp_db.o
                0x000000000001b8b4                SmpDbGetFailureCount
 .text.SmpDbMaxAttemptReached
                0x000000000001b8ec       0xa4 ../gcc/bin/smp_db.o
                0x000000000001b8ec                SmpDbMaxAttemptReached
 .text.SmpDbPairingFailed
                0x000000000001b990       0x3c ../gcc/bin/smp_db.o
                0x000000000001b990                SmpDbPairingFailed
 .text.SmpDbService
                0x000000000001b9cc       0xd4 ../gcc/bin/smp_db.o
                0x000000000001b9cc                SmpDbService
 .text.smpL2cDataCback
                0x000000000001baa0       0xc4 ../gcc/bin/smp_main.o
 .text.smpL2cCtrlCback
                0x000000000001bb64       0x7c ../gcc/bin/smp_main.o
 .text.smpResumeAttemptsState
                0x000000000001bbe0       0x8c ../gcc/bin/smp_main.o
 .text.smpDmConnCback
                0x000000000001bc6c      0x11a ../gcc/bin/smp_main.o
 *fill*         0x000000000001bd86        0x2 
 .text.smpCcbByHandle
                0x000000000001bd88       0x44 ../gcc/bin/smp_main.o
                0x000000000001bd88                smpCcbByHandle
 .text.smpCcbByConnId
                0x000000000001bdcc       0x24 ../gcc/bin/smp_main.o
                0x000000000001bdcc                smpCcbByConnId
 .text.smpCalcC1Part1
                0x000000000001bdf0      0x1e0 ../gcc/bin/smp_main.o
                0x000000000001bdf0                smpCalcC1Part1
 .text.smpCalcC1Part2
                0x000000000001bfd0      0x1b8 ../gcc/bin/smp_main.o
                0x000000000001bfd0                smpCalcC1Part2
 .text.smpCalcS1
                0x000000000001c188       0x74 ../gcc/bin/smp_main.o
                0x000000000001c188                smpCalcS1
 .text.smpGenerateLtk
                0x000000000001c1fc       0xa4 ../gcc/bin/smp_main.o
                0x000000000001c1fc                smpGenerateLtk
 .text.smpSendPkt
                0x000000000001c2a0       0x68 ../gcc/bin/smp_main.o
                0x000000000001c2a0                smpSendPkt
 .text.smpStateIdle
                0x000000000001c308       0x1a ../gcc/bin/smp_main.o
                0x000000000001c308                smpStateIdle
 .text.smpMsgAlloc
                0x000000000001c322       0x20 ../gcc/bin/smp_main.o
                0x000000000001c322                smpMsgAlloc
 *fill*         0x000000000001c342        0x2 
 .text.SmpDmMsgSend
                0x000000000001c344       0x20 ../gcc/bin/smp_main.o
                0x000000000001c344                SmpDmMsgSend
 .text.SmpDmEncryptInd
                0x000000000001c364       0x28 ../gcc/bin/smp_main.o
                0x000000000001c364                SmpDmEncryptInd
 .text.smpGetScSecLevel
                0x000000000001c38c       0x4a ../gcc/bin/smp_main.o
                0x000000000001c38c                smpGetScSecLevel
 *fill*         0x000000000001c3d6        0x2 
 .text.SmpDmGetStk
                0x000000000001c3d8       0x84 ../gcc/bin/smp_main.o
                0x000000000001c3d8                SmpDmGetStk
 .text.SmpHandlerInit
                0x000000000001c45c       0x94 ../gcc/bin/smp_main.o
                0x000000000001c45c                SmpHandlerInit
 .text.SmpHandler
                0x000000000001c4f0       0x98 ../gcc/bin/smp_main.o
                0x000000000001c4f0                SmpHandler
 .text.smpScCatInitiatorBdAddr
                0x000000000001c588       0xbe ../gcc/bin/smp_sc_act.o
 .text.smpScCatResponderBdAddr
                0x000000000001c646       0xbe ../gcc/bin/smp_sc_act.o
 .text.smpScProcPairing
                0x000000000001c704      0x43c ../gcc/bin/smp_sc_act.o
                0x000000000001c704                smpScProcPairing
 .text.smpScAuthReq
                0x000000000001cb40       0xa8 ../gcc/bin/smp_sc_act.o
                0x000000000001cb40                smpScAuthReq
 .text.smpScActCleanup
                0x000000000001cbe8       0x1e ../gcc/bin/smp_sc_act.o
                0x000000000001cbe8                smpScActCleanup
 .text.smpScActPairingFailed
                0x000000000001cc06       0x20 ../gcc/bin/smp_sc_act.o
                0x000000000001cc06                smpScActPairingFailed
 .text.smpScActPairingCancel
                0x000000000001cc26       0x24 ../gcc/bin/smp_sc_act.o
                0x000000000001cc26                smpScActPairingCancel
 *fill*         0x000000000001cc4a        0x2 
 .text.smpScActAuthSelect
                0x000000000001cc4c       0xa0 ../gcc/bin/smp_sc_act.o
                0x000000000001cc4c                smpScActAuthSelect
 .text.smpScActPkSetup
                0x000000000001ccec       0x4a ../gcc/bin/smp_sc_act.o
                0x000000000001ccec                smpScActPkSetup
 *fill*         0x000000000001cd36        0x2 
 .text.smpScActJwncCalcF4
                0x000000000001cd38       0xdc ../gcc/bin/smp_sc_act.o
                0x000000000001cd38                smpScActJwncCalcF4
 .text.smpScActJwncCalcG2
                0x000000000001ce14       0xa2 ../gcc/bin/smp_sc_act.o
                0x000000000001ce14                smpScActJwncCalcG2
 *fill*         0x000000000001ceb6        0x2 
 .text.smpScActJwncDisplay
                0x000000000001ceb8       0x80 ../gcc/bin/smp_sc_act.o
                0x000000000001ceb8                smpScActJwncDisplay
 .text.smpScActPkKeypress
                0x000000000001cf38       0x6e ../gcc/bin/smp_sc_act.o
                0x000000000001cf38                smpScActPkKeypress
 .text.smpScActPkSendKeypress
                0x000000000001cfa6       0x68 ../gcc/bin/smp_sc_act.o
                0x000000000001cfa6                smpScActPkSendKeypress
 *fill*         0x000000000001d00e        0x2 
 .text.smpScActCalcSharedSecret
                0x000000000001d010       0xa0 ../gcc/bin/smp_sc_act.o
                0x000000000001d010                smpScActCalcSharedSecret
 .text.smpScActCalcF5TKey
                0x000000000001d0b0       0x84 ../gcc/bin/smp_sc_act.o
                0x000000000001d0b0                smpScActCalcF5TKey
 .text.smpScActCalcF5MacKey
                0x000000000001d134       0xd4 ../gcc/bin/smp_sc_act.o
                0x000000000001d134                smpScActCalcF5MacKey
 .text.smpScActCalcF5Ltk
                0x000000000001d208       0xcc ../gcc/bin/smp_sc_act.o
                0x000000000001d208                smpScActCalcF5Ltk
 .text.smpScActDHKeyCalcF6Ea
                0x000000000001d2d4       0xd8 ../gcc/bin/smp_sc_act.o
                0x000000000001d2d4                smpScActDHKeyCalcF6Ea
 .text.smpScActDHKeyCalcF6Eb
                0x000000000001d3ac       0xd4 ../gcc/bin/smp_sc_act.o
                0x000000000001d3ac                smpScActDHKeyCalcF6Eb
 .text.SmpScAllocScratchBuffers
                0x000000000001d480       0xbc ../gcc/bin/smp_sc_main.o
                0x000000000001d480                SmpScAllocScratchBuffers
 .text.SmpScFreeScratchBuffers
                0x000000000001d53c       0xa4 ../gcc/bin/smp_sc_main.o
                0x000000000001d53c                SmpScFreeScratchBuffers
 .text.SmpScCmac
                0x000000000001d5e0       0x60 ../gcc/bin/smp_sc_main.o
                0x000000000001d5e0                SmpScCmac
 .text.SmpScAlloc
                0x000000000001d640       0x40 ../gcc/bin/smp_sc_main.o
                0x000000000001d640                SmpScAlloc
 .text.SmpScCalcF4
                0x000000000001d680       0x5a ../gcc/bin/smp_sc_main.o
                0x000000000001d680                SmpScCalcF4
 *fill*         0x000000000001d6da        0x2 
 .text.SmpScInit
                0x000000000001d6dc       0x70 ../gcc/bin/smp_sc_main.o
                0x000000000001d6dc                SmpScInit
 .text.SmpScCat
                0x000000000001d74c       0x2c ../gcc/bin/smp_sc_main.o
                0x000000000001d74c                SmpScCat
 .text.SmpScCat128
                0x000000000001d778       0x1c ../gcc/bin/smp_sc_main.o
                0x000000000001d778                SmpScCat128
 .text.smpScSendPubKey
                0x000000000001d794       0x88 ../gcc/bin/smp_sc_main.o
                0x000000000001d794                smpScSendPubKey
 .text.smpScSendDHKeyCheck
                0x000000000001d81c       0x6e ../gcc/bin/smp_sc_main.o
                0x000000000001d81c                smpScSendDHKeyCheck
 .text.smpScSendRand